Archive member included to satisfy reference by file (symbol)

app/libapp.a(main.c.obj)      (--whole-archive)
zephyr/libzephyr.a(cbprintf_packaged.c.obj)
                              (--whole-archive)
zephyr/libzephyr.a(dec.c.obj)
                              (--whole-archive)
zephyr/libzephyr.a(fdtable.c.obj)
                              (--whole-archive)
zephyr/libzephyr.a(hex.c.obj)
                              (--whole-archive)
zephyr/libzephyr.a(printk.c.obj)
                              (--whole-archive)
zephyr/libzephyr.a(rb.c.obj)  (--whole-archive)
zephyr/libzephyr.a(sem.c.obj)
                              (--whole-archive)
zephyr/libzephyr.a(thread_entry.c.obj)
                              (--whole-archive)
zephyr/libzephyr.a(timeutil.c.obj)
                              (--whole-archive)
zephyr/libzephyr.a(heap.c.obj)
                              (--whole-archive)
zephyr/libzephyr.a(heap-validate.c.obj)
                              (--whole-archive)
zephyr/libzephyr.a(bitarray.c.obj)
                              (--whole-archive)
zephyr/libzephyr.a(multi_heap.c.obj)
                              (--whole-archive)
zephyr/libzephyr.a(crc32c_sw.c.obj)
                              (--whole-archive)
zephyr/libzephyr.a(crc32_sw.c.obj)
                              (--whole-archive)
zephyr/libzephyr.a(crc16_sw.c.obj)
                              (--whole-archive)
zephyr/libzephyr.a(crc8_sw.c.obj)
                              (--whole-archive)
zephyr/libzephyr.a(crc7_sw.c.obj)
                              (--whole-archive)
zephyr/libzephyr.a(cbprintf_complete.c.obj)
                              (--whole-archive)
zephyr/libzephyr.a(cbprintf.c.obj)
                              (--whole-archive)
zephyr/libzephyr.a(ring_buffer.c.obj)
                              (--whole-archive)
zephyr/libzephyr.a(assert.c.obj)
                              (--whole-archive)
zephyr/libzephyr.a(mpsc_pbuf.c.obj)
                              (--whole-archive)
zephyr/libzephyr.a(configs.c.obj)
                              (--whole-archive)
zephyr/libzephyr.a(soc_rt10xx.c.obj)
                              (--whole-archive)
zephyr/libzephyr.a(log_core.c.obj)
                              (--whole-archive)
zephyr/libzephyr.a(log_mgmt.c.obj)
                              (--whole-archive)
zephyr/libzephyr.a(log_cache.c.obj)
                              (--whole-archive)
zephyr/libzephyr.a(log_msg.c.obj)
                              (--whole-archive)
zephyr/libzephyr.a(log_output.c.obj)
                              (--whole-archive)
zephyr/libzephyr.a(log_backend_uart.c.obj)
                              (--whole-archive)
zephyr/libzephyr.a(usb_device.c.obj)
                              (--whole-archive)
zephyr/libzephyr.a(usb_descriptor.c.obj)
                              (--whole-archive)
zephyr/libzephyr.a(usb_transfer.c.obj)
                              (--whole-archive)
zephyr/libzephyr.a(cdc_acm.c.obj)
                              (--whole-archive)
zephyr/libzephyr.a(usb_work_q.c.obj)
                              (--whole-archive)
zephyr/libzephyr.a(tracing_none.c.obj)
                              (--whole-archive)
zephyr/arch/common/libarch__common.a(sw_isr_common.c.obj)
                              (--whole-archive)
zephyr/arch/arch/arm/core/aarch32/libarch__arm__core__aarch32.a(cpu_idle.S.obj)
                              (--whole-archive)
zephyr/arch/arch/arm/core/aarch32/libarch__arm__core__aarch32.a(fatal.c.obj)
                              (--whole-archive)
zephyr/arch/arch/arm/core/aarch32/libarch__arm__core__aarch32.a(irq_manage.c.obj)
                              (--whole-archive)
zephyr/arch/arch/arm/core/aarch32/libarch__arm__core__aarch32.a(nmi.c.obj)
                              (--whole-archive)
zephyr/arch/arch/arm/core/aarch32/libarch__arm__core__aarch32.a(nmi_on_reset.S.obj)
                              (--whole-archive)
zephyr/arch/arch/arm/core/aarch32/libarch__arm__core__aarch32.a(prep_c.c.obj)
                              (--whole-archive)
zephyr/arch/arch/arm/core/aarch32/libarch__arm__core__aarch32.a(swap.c.obj)
                              (--whole-archive)
zephyr/arch/arch/arm/core/aarch32/libarch__arm__core__aarch32.a(swap_helper.S.obj)
                              (--whole-archive)
zephyr/arch/arch/arm/core/aarch32/libarch__arm__core__aarch32.a(thread.c.obj)
                              (--whole-archive)
zephyr/arch/arch/arm/core/aarch32/libarch__arm__core__aarch32.a(isr_wrapper.S.obj)
                              (--whole-archive)
zephyr/arch/arch/arm/core/aarch32/cortex_m/libarch__arm__core__aarch32__cortex_m.a(exc_exit.S.obj)
                              (--whole-archive)
zephyr/arch/arch/arm/core/aarch32/cortex_m/libarch__arm__core__aarch32__cortex_m.a(fault.c.obj)
                              (--whole-archive)
zephyr/arch/arch/arm/core/aarch32/cortex_m/libarch__arm__core__aarch32__cortex_m.a(fault_s.S.obj)
[...]
Memory Configuration

Name             Origin             Length             Attributes
FLASH            0x0000000060000000 0x0000000000800000 xr
RAM              0x0000000020200000 0x00000000000c0000 xw
ITCM             0x0000000000000000 0x0000000000020000
DTCM             0x0000000020000000 0x0000000000020000
OCRAM            0x0000000020200000 0x00000000000c0000
IDT_LIST         0x00000000fffff7ff 0x0000000000000800 xw
*default*        0x0000000000000000 0xffffffffffffffff

Linker script and memory map

LOAD zephyr/CMakeFiles/zephyr_pre1.dir/misc/empty_file.c.obj
LOAD zephyr/CMakeFiles/zephyr_pre1.dir/dev_handles.c.obj
LOAD zephyr/CMakeFiles/offsets.dir/./arch/arm/core/offsets/offsets.c.obj
                0x0000000000000020                _region_min_align = 0x20

.rel.plt        0x0000000060000000        0x0
 *(SORT_BY_ALIGNMENT(.rel.plt))
                [!provide]                        PROVIDE (__rel_iplt_start = .)
 *(SORT_BY_ALIGNMENT(.rel.iplt))
 .rel.iplt      0x0000000060000000        0x0 app/libapp.a(main.c.obj)
                [!provide]                        PROVIDE (__rel_iplt_end = .)

.rela.plt       0x0000000000000000        0x0
 *(SORT_BY_ALIGNMENT(.rela.plt))
                [!provide]                        PROVIDE (__rela_iplt_start = .)
 *(SORT_BY_ALIGNMENT(.rela.iplt))
                [!provide]                        PROVIDE (__rela_iplt_end = .)

.rel.dyn
 *(SORT_BY_ALIGNMENT(.rel.*))

.rela.dyn
 *(SORT_BY_ALIGNMENT(.rela.*))

/DISCARD/
 *(SORT_BY_ALIGNMENT(.plt))

/DISCARD/
 *(SORT_BY_ALIGNMENT(.iplt))
                0x0000000060000000                __rom_region_start = 0x60000000

rom_start       0x0000000060000000     0x22c0
                0x0000000000000000                . = 0x0
 *(SORT_BY_ALIGNMENT(.boot_hdr.conf))
 .boot_hdr.conf
                0x0000000060000000      0x200 zephyr/boards/arm/teensy4/libboards__arm__teensy4.a(flexspi_nor_config.c.obj)
                0x0000000060000000                Qspiflash_config
                0x0000000000001000                . = 0x1000
 *fill*         0x0000000060000200      0xe00 
 *(SORT_BY_ALIGNMENT(.boot_hdr.ivt))
 .boot_hdr.ivt  0x0000000060001000       0x20 zephyr/libzephyr.a(soc_rt10xx.c.obj)
                0x0000000060001000                image_vector_table
 *(SORT_BY_ALIGNMENT(.boot_hdr.data))
 .boot_hdr.data
                0x0000000060001020       0x10 zephyr/libzephyr.a(soc_rt10xx.c.obj)
                0x0000000060001020                boot_data
                0x0000000000002000                . = 0x2000
 *fill*         0x0000000060001030      0xfd0 
                0x0000000060002000                . = ALIGN (0x4)
                0x0000000060002000                . = ALIGN (0x80)
                0x0000000060002000                . = ALIGN (0x400)
                0x0000000060002000                _vector_start = .
 *(SORT_BY_ALIGNMENT(.exc_vector_table))
 *(SORT_BY_ALIGNMENT(.exc_vector_table.*))
 .exc_vector_table._vector_table_section
                0x0000000060002000       0x40 zephyr/arch/arch/arm/core/aarch32/cortex_m/libarch__arm__core__aarch32__cortex_m.a(vector_table.S.obj)
                0x0000000060002000                _vector_table
 *(SORT_BY_ALIGNMENT(.vectors))
                0x00000000600022c0                _vector_end = .
                0x0000000060002040                . = ALIGN (0x4)
 *(SORT_BY_ALIGNMENT(.gnu.linkonce.irq_vector_table*))
 .gnu.linkonce.irq_vector_table
                0x0000000060002040      0x280 zephyr/arch/common/libisr_tables.a(isr_tables.c.obj)
                0x0000000060002040                _irq_vector_table
                0x00000000600022c0                _vector_end = .

text            0x00000000600022c0    0x12500
                0x00000000600022c0                __text_region_start = .
 *(SORT_BY_ALIGNMENT(.text))
 .text          0x00000000600022c0       0xdc /Users/michaeljenz/zephyr-sdk-0.16.1/arm-zephyr-eabi/arm-zephyr-eabi/lib/thumb/v7e-m/nofp/libc.a(lib_a-strlen.o)
                0x00000000600022c0                strlen
 *fill*         0x000000006000239c        0x4 
 .text          0x00000000600023a0       0xa0 /Users/michaeljenz/zephyr-sdk-0.16.1/arm-zephyr-eabi/arm-zephyr-eabi/lib/thumb/v7e-m/nofp/libc.a(lib_a-memchr.o)
                0x00000000600023a0                memchr
 .text          0x0000000060002440      0x378 /Users/michaeljenz/zephyr-sdk-0.16.1/arm-zephyr-eabi/bin/../lib/gcc/arm-zephyr-eabi/12.2.0/thumb/v7e-m/nofp/libgcc.a(_arm_addsubdf3.o)
                0x0000000060002440                __aeabi_drsub
                0x0000000060002448                __subdf3
                0x0000000060002448                __aeabi_dsub
                0x000000006000244c                __aeabi_dadd
                0x000000006000244c                __adddf3
                0x00000000600026c4                __aeabi_ui2d
                0x00000000600026c4                __floatunsidf
                0x00000000600026e4                __floatsidf
                0x00000000600026e4                __aeabi_i2d
                0x0000000060002708                __extendsfdf2
                0x0000000060002708                __aeabi_f2d
                0x000000006000274c                __aeabi_ul2d
                0x000000006000274c                __floatundidf
                0x000000006000275c                __aeabi_l2d
                0x000000006000275c                __floatdidf
 .text          0x00000000600027b8      0x424 /Users/michaeljenz/zephyr-sdk-0.16.1/arm-zephyr-eabi/bin/../lib/gcc/arm-zephyr-eabi/12.2.0/thumb/v7e-m/nofp/libgcc.a(_arm_muldivdf3.o)
                0x00000000600027b8                __aeabi_dmul
                0x00000000600027b8                __muldf3
                0x0000000060002a0c                __aeabi_ddiv
                0x0000000060002a0c                __divdf3
 .text          0x0000000060002bdc      0x110 /Users/michaeljenz/zephyr-sdk-0.16.1/arm-zephyr-eabi/bin/../lib/gcc/arm-zephyr-eabi/12.2.0/thumb/v7e-m/nofp/libgcc.a(_arm_cmpdf2.o)
                0x0000000060002bdc                __gedf2
                0x0000000060002bdc                __gtdf2
                0x0000000060002be4                __ledf2
                0x0000000060002be4                __ltdf2
                0x0000000060002bec                __cmpdf2
                0x0000000060002bec                __eqdf2
                0x0000000060002bec                __nedf2
                0x0000000060002c68                __aeabi_cdrcmple
                0x0000000060002c78                __aeabi_cdcmple
                0x0000000060002c78                __aeabi_cdcmpeq
                0x0000000060002c88                __aeabi_dcmpeq
                0x0000000060002c9c                __aeabi_dcmplt
                0x0000000060002cb0                __aeabi_dcmple
                0x0000000060002cc4                __aeabi_dcmpge
                0x0000000060002cd8                __aeabi_dcmpgt
 .text          0x0000000060002cec       0x50 /Users/michaeljenz/zephyr-sdk-0.16.1/arm-zephyr-eabi/bin/../lib/gcc/arm-zephyr-eabi/12.2.0/thumb/v7e-m/nofp/libgcc.a(_arm_fixdfsi.o)
                0x0000000060002cec                __fixdfsi
                0x0000000060002cec                __aeabi_d2iz
 .text          0x0000000060002d3c       0xa0 /Users/michaeljenz/zephyr-sdk-0.16.1/arm-zephyr-eabi/bin/../lib/gcc/arm-zephyr-eabi/12.2.0/thumb/v7e-m/nofp/libgcc.a(_arm_truncdfsf2.o)
                0x0000000060002d3c                __aeabi_d2f
                0x0000000060002d3c                __truncdfsf2
 .text          0x0000000060002ddc      0x21c /Users/michaeljenz/zephyr-sdk-0.16.1/arm-zephyr-eabi/bin/../lib/gcc/arm-zephyr-eabi/12.2.0/thumb/v7e-m/nofp/libgcc.a(_arm_addsubsf3.o)
                0x0000000060002ddc                __aeabi_frsub
                0x0000000060002de4                __aeabi_fsub
                0x0000000060002de4                __subsf3
                0x0000000060002de8                __aeabi_fadd
                0x0000000060002de8                __addsf3
                0x0000000060002f48                __aeabi_ui2f
                0x0000000060002f48                __floatunsisf
                0x0000000060002f50                __floatsisf
                0x0000000060002f50                __aeabi_i2f
                0x0000000060002f6c                __aeabi_ul2f
                0x0000000060002f6c                __floatundisf
                0x0000000060002f7c                __aeabi_l2f
                0x0000000060002f7c                __floatdisf
 .text          0x0000000060002ff8      0x2a0 /Users/michaeljenz/zephyr-sdk-0.16.1/arm-zephyr-eabi/bin/../lib/gcc/arm-zephyr-eabi/12.2.0/thumb/v7e-m/nofp/libgcc.a(_arm_muldivsf3.o)
                0x0000000060002ff8                __mulsf3
                0x0000000060002ff8                __aeabi_fmul
                0x0000000060003160                __divsf3
                0x0000000060003160                __aeabi_fdiv
 .text          0x0000000060003298       0x4c /Users/michaeljenz/zephyr-sdk-0.16.1/arm-zephyr-eabi/bin/../lib/gcc/arm-zephyr-eabi/12.2.0/thumb/v7e-m/nofp/libgcc.a(_arm_fixsfsi.o)
                0x0000000060003298                __fixsfsi
                0x0000000060003298                __aeabi_f2iz
 .text          0x00000000600032e4       0xa0 /Users/michaeljenz/zephyr-sdk-0.16.1/arm-zephyr-eabi/bin/../lib/gcc/arm-zephyr-eabi/12.2.0/thumb/v7e-m/nofp/libgcc.a(_aeabi_ldivmod.o)
                0x00000000600032e4                __aeabi_ldivmod
 .text          0x0000000060003384       0x30 /Users/michaeljenz/zephyr-sdk-0.16.1/arm-zephyr-eabi/bin/../lib/gcc/arm-zephyr-eabi/12.2.0/thumb/v7e-m/nofp/libgcc.a(_aeabi_uldivmod.o)
                0x0000000060003384                __aeabi_uldivmod
 .text          0x00000000600033b4        0x4 /Users/michaeljenz/zephyr-sdk-0.16.1/arm-zephyr-eabi/bin/../lib/gcc/arm-zephyr-eabi/12.2.0/thumb/v7e-m/nofp/libgcc.a(_dvmd_tls.o)
                0x00000000600033b4                __aeabi_ldiv0
                0x00000000600033b4                __aeabi_idiv0
 .text          0x00000000600033b8      0x134 /Users/michaeljenz/zephyr-sdk-0.16.1/arm-zephyr-eabi/arm-zephyr-eabi/lib/thumb/v7e-m/nofp/libc.a(lib_a-memcpy.o)
                0x00000000600033b8                memcpy
 .text          0x00000000600034ec      0x2a0 /Users/michaeljenz/zephyr-sdk-0.16.1/arm-zephyr-eabi/bin/../lib/gcc/arm-zephyr-eabi/12.2.0/thumb/v7e-m/nofp/libgcc.a(_udivmoddi4.o)
                0x00000000600034ec                __udivmoddi4
 *(SORT_BY_ALIGNMENT(.text.*))
 *fill*         0x000000006000378c        0x4 
 .text.pwm_set_dt
                0x0000000060003790       0xac app/libapp.a(main.c.obj)
 *fill*         0x000000006000383c        0x4 
 .text.read_pot_adc
                0x0000000060003840      0x174 app/libapp.a(main.c.obj)
                0x0000000060003840                read_pot_adc
 *fill*         0x00000000600039b4        0x4 
 .text.ina219_channel_get
                0x00000000600039b8       0xfc zephyr/drivers/sensor/ina219/libdrivers__sensor__ina219.a(ina219.c.obj)
 .text.motor_control
                0x0000000060003ab4       0xac app/libapp.a(main.c.obj)
                0x0000000060003ab4                motor_control
 .text.cbvprintf_package
                0x0000000060003b60      0x43c zephyr/libzephyr.a(cbprintf_packaged.c.obj)
                0x0000000060003b60                cbvprintf_package
 .text.cbprintf_package_convert
                0x0000000060003f9c      0x468 zephyr/libzephyr.a(cbprintf_packaged.c.obj)
                0x0000000060003f9c                cbprintf_package_convert
 .text.__printk_hook_install
                0x0000000060004404        0xc zephyr/libzephyr.a(printk.c.obj)
                0x0000000060004404                __printk_hook_install
 .text.vsnprintk
                0x0000000060004410       0x2c zephyr/libzephyr.a(printk.c.obj)
                0x0000000060004410                vsnprintk
 .text.sys_heap_free
                0x000000006000443c       0x9c zephyr/libzephyr.a(heap.c.obj)
                0x000000006000443c                sys_heap_free
 .text.sys_heap_aligned_alloc
                0x00000000600044d8      0x118 zephyr/libzephyr.a(heap.c.obj)
                0x00000000600044d8                sys_heap_aligned_alloc
 .text.sys_heap_init
                0x00000000600045f0      0x12c zephyr/libzephyr.a(heap.c.obj)
                0x00000000600045f0                sys_heap_init
 .text.extract_decimal
                0x000000006000471c       0x2c zephyr/libzephyr.a(cbprintf_complete.c.obj)
 .text.encode_uint
                0x0000000060004748       0x98 zephyr/libzephyr.a(cbprintf_complete.c.obj)
 .text.z_cbvprintf_impl
                0x00000000600047e0      0xcd4 zephyr/libzephyr.a(cbprintf_complete.c.obj)
                0x00000000600047e0                z_cbvprintf_impl
 .text.ring_buf_put
                0x00000000600054b4       0x60 zephyr/libzephyr.a(ring_buffer.c.obj)
                0x00000000600054b4                ring_buf_put
 .text.ring_buf_get
                0x0000000060005514       0x64 zephyr/libzephyr.a(ring_buffer.c.obj)
                0x0000000060005514                ring_buf_get
 .text.mpsc_pbuf_init
                0x0000000060005578       0x64 zephyr/libzephyr.a(mpsc_pbuf.c.obj)
                0x0000000060005578                mpsc_pbuf_init
 .text.mpsc_pbuf_alloc
                0x00000000600055dc      0x180 zephyr/libzephyr.a(mpsc_pbuf.c.obj)
                0x00000000600055dc                mpsc_pbuf_alloc
 .text.mpsc_pbuf_commit
                0x000000006000575c       0xac zephyr/libzephyr.a(mpsc_pbuf.c.obj)
                0x000000006000575c                mpsc_pbuf_commit
 .text.mpsc_pbuf_claim
                0x0000000060005808      0x110 zephyr/libzephyr.a(mpsc_pbuf.c.obj)
                0x0000000060005808                mpsc_pbuf_claim
 .text.mpsc_pbuf_free
                0x0000000060005918       0xe0 zephyr/libzephyr.a(mpsc_pbuf.c.obj)
                0x0000000060005918                mpsc_pbuf_free
 .text.imxrt_init
                0x00000000600059f8      0x16c zephyr/libzephyr.a(soc_rt10xx.c.obj)
 .text.enable_logger
                0x0000000060005b64       0x5c zephyr/libzephyr.a(log_core.c.obj)
 .text.activate_foreach_backend
                0x0000000060005bc0       0x64 zephyr/libzephyr.a(log_core.c.obj)
 .text.z_log_init
                0x0000000060005c24       0xdc zephyr/libzephyr.a(log_core.c.obj)
 .text.log_process_thread_timer_expiry_fn
                0x0000000060005d00        0xc zephyr/libzephyr.a(log_core.c.obj)
 .text.log_format_func_t_get
                0x0000000060005d0c        0xc zephyr/libzephyr.a(log_core.c.obj)
                0x0000000060005d0c                log_format_func_t_get
 .text.log_set_timestamp_func
                0x0000000060005d18       0x20 zephyr/libzephyr.a(log_core.c.obj)
                0x0000000060005d18                log_set_timestamp_func
 .text.z_log_notify_backend_enabled
                0x0000000060005d38       0x1c zephyr/libzephyr.a(log_core.c.obj)
                0x0000000060005d38                z_log_notify_backend_enabled
 .text.z_log_dropped
                0x0000000060005d54       0x30 zephyr/libzephyr.a(log_core.c.obj)
                0x0000000060005d54                z_log_dropped
 .text.z_log_dropped_read_and_clear
                0x0000000060005d84       0x20 zephyr/libzephyr.a(log_core.c.obj)
                0x0000000060005d84                z_log_dropped_read_and_clear
 .text.dropped_notify
                0x0000000060005da4       0x60 zephyr/libzephyr.a(log_core.c.obj)
                0x0000000060005da4                dropped_notify
 .text.z_log_msg_init
                0x0000000060005e04       0x20 zephyr/libzephyr.a(log_core.c.obj)
                0x0000000060005e04                z_log_msg_init
 .text.log_core_init
                0x0000000060005e24       0x34 zephyr/libzephyr.a(log_core.c.obj)
                0x0000000060005e24                log_core_init
 .text.z_log_msg_alloc
                0x0000000060005e58       0x10 zephyr/libzephyr.a(log_core.c.obj)
                0x0000000060005e58                z_log_msg_alloc
 .text.z_log_msg_local_claim
                0x0000000060005e68        0xc zephyr/libzephyr.a(log_core.c.obj)
                0x0000000060005e68                z_log_msg_local_claim
 .text.z_log_msg_free
                0x0000000060005e74       0x10 zephyr/libzephyr.a(log_core.c.obj)
                0x0000000060005e74                z_log_msg_free
 .text.z_log_msg_pending
                0x0000000060005e84        0xc zephyr/libzephyr.a(log_core.c.obj)
                0x0000000060005e84                z_log_msg_pending
 .text.z_impl_log_process
                0x0000000060005e90       0xe0 zephyr/libzephyr.a(log_core.c.obj)
                0x0000000060005e90                z_impl_log_process
 .text.z_impl_log_panic
                0x0000000060005f70       0x74 zephyr/libzephyr.a(log_core.c.obj)
                0x0000000060005f70                z_impl_log_panic
 .text.log_process_thread_func
                0x0000000060005fe4       0xec zephyr/libzephyr.a(log_core.c.obj)
 .text.z_log_msg_post_finalize
                0x00000000600060d0       0xe0 zephyr/libzephyr.a(log_core.c.obj)
 .text.z_log_msg_commit
                0x00000000600061b0       0x24 zephyr/libzephyr.a(log_core.c.obj)
                0x00000000600061b0                z_log_msg_commit
 .text.log_source_name_get
                0x00000000600061d4       0x1c zephyr/libzephyr.a(log_mgmt.c.obj)
                0x00000000600061d4                log_source_name_get
 .text.log_backend_enable
                0x00000000600061f0       0x4c zephyr/libzephyr.a(log_mgmt.c.obj)
                0x00000000600061f0                log_backend_enable
 .text.z_impl_z_log_msg_static_create
                0x000000006000623c       0xcc zephyr/libzephyr.a(log_msg.c.obj)
                0x000000006000623c                z_impl_z_log_msg_static_create
 .text.z_impl_z_log_msg_runtime_vcreate
                0x0000000060006308       0xc8 zephyr/libzephyr.a(log_msg.c.obj)
                0x0000000060006308                z_impl_z_log_msg_runtime_vcreate
 .text.print_formatted
                0x00000000600063d0       0x24 zephyr/libzephyr.a(log_output.c.obj)
 .text.newline_print
                0x00000000600063f4       0x1c zephyr/libzephyr.a(log_output.c.obj)
 .text.out_func
                0x0000000060006410       0x60 zephyr/libzephyr.a(log_output.c.obj)
 .text.log_output_process
                0x0000000060006470      0x2d0 zephyr/libzephyr.a(log_output.c.obj)
                0x0000000060006470                log_output_process
 .text.log_output_msg_process
                0x0000000060006740       0x70 zephyr/libzephyr.a(log_output.c.obj)
                0x0000000060006740                log_output_msg_process
 .text.log_output_dropped_process
                0x00000000600067b0       0x58 zephyr/libzephyr.a(log_output.c.obj)
                0x00000000600067b0                log_output_dropped_process
 .text.log_output_timestamp_freq_set
                0x0000000060006808       0x2c zephyr/libzephyr.a(log_output.c.obj)
                0x0000000060006808                log_output_timestamp_freq_set
 .text.format_set
                0x0000000060006834        0xc zephyr/libzephyr.a(log_backend_uart.c.obj)
 .text.panic    0x0000000060006840       0x14 zephyr/libzephyr.a(log_backend_uart.c.obj)
 .text.dropped  0x0000000060006854        0xc zephyr/libzephyr.a(log_backend_uart.c.obj)
 .text.process  0x0000000060006860       0x24 zephyr/libzephyr.a(log_backend_uart.c.obj)
 .text.char_out
                0x0000000060006884       0x24 zephyr/libzephyr.a(log_backend_uart.c.obj)
 .text.log_backend_uart_init
                0x00000000600068a8       0x30 zephyr/libzephyr.a(log_backend_uart.c.obj)
 .text.custom_handler
                0x00000000600068d8       0x90 zephyr/libzephyr.a(usb_device.c.obj)
 .text.class_handler
                0x0000000060006968       0x74 zephyr/libzephyr.a(usb_device.c.obj)
 .text.usb_reset_alt_setting
                0x00000000600069dc       0x10 zephyr/libzephyr.a(usb_device.c.obj)
 .text.vendor_handler
                0x00000000600069ec       0x6c zephyr/libzephyr.a(usb_device.c.obj)
 .text.is_ep_valid
                0x0000000060006a58       0x6c zephyr/libzephyr.a(usb_device.c.obj)
 .text.usb_handle_request.constprop.0
                0x0000000060006ac4       0x2c zephyr/libzephyr.a(usb_device.c.obj)
 .text.usb_device_init.part.0
                0x0000000060006af0       0x28 zephyr/libzephyr.a(usb_device.c.obj)
 .text.get_ep_bm_from_addr.part.0
                0x0000000060006b18       0x2c zephyr/libzephyr.a(usb_device.c.obj)
 .text.disable_endpoint
                0x0000000060006b44       0x80 zephyr/libzephyr.a(usb_device.c.obj)
 .text.forward_status_cb
                0x0000000060006bc4       0xfc zephyr/libzephyr.a(usb_device.c.obj)
 .text.usb_halt_endpoint_req.isra.0
                0x0000000060006cc0       0xac zephyr/libzephyr.a(usb_device.c.obj)
 .text.set_endpoint
                0x0000000060006d6c      0x100 zephyr/libzephyr.a(usb_device.c.obj)
 .text.usb_handle_standard_request
                0x0000000060006e6c      0x29c zephyr/libzephyr.a(usb_device.c.obj)
 .text.usb_write
                0x0000000060007108       0x64 zephyr/libzephyr.a(usb_device.c.obj)
                0x0000000060007108                usb_write
 .text.usb_data_to_host
                0x000000006000716c       0x54 zephyr/libzephyr.a(usb_device.c.obj)
 .text.usb_handle_control_transfer
                0x00000000600071c0      0x124 zephyr/libzephyr.a(usb_device.c.obj)
 .text.usb_set_config
                0x00000000600072e4       0x2c zephyr/libzephyr.a(usb_device.c.obj)
                0x00000000600072e4                usb_set_config
 .text.usb_device_init
                0x0000000060007310       0x2c zephyr/libzephyr.a(usb_device.c.obj)
 .text.usb_enable
                0x000000006000733c      0x158 zephyr/libzephyr.a(usb_device.c.obj)
                0x000000006000733c                usb_enable
 .text.usb_update_sn_string_descriptor
                0x0000000060007494       0x8c zephyr/libzephyr.a(usb_descriptor.c.obj)
                0x0000000060007494                usb_update_sn_string_descriptor
 .text.usb_get_device_descriptor
                0x0000000060007520      0x294 zephyr/libzephyr.a(usb_descriptor.c.obj)
                0x0000000060007520                usb_get_device_descriptor
 .text.usb_ep_get_transfer
                0x00000000600077b4       0x28 zephyr/libzephyr.a(usb_transfer.c.obj)
 .text.usb_transfer_work
                0x00000000600077dc      0x164 zephyr/libzephyr.a(usb_transfer.c.obj)
 .text.usb_transfer_ep_callback
                0x0000000060007940       0x78 zephyr/libzephyr.a(usb_transfer.c.obj)
                0x0000000060007940                usb_transfer_ep_callback
 .text.usb_transfer
                0x00000000600079b8      0x144 zephyr/libzephyr.a(usb_transfer.c.obj)
                0x00000000600079b8                usb_transfer
 .text.usb_cancel_transfer
                0x0000000060007afc       0x3c zephyr/libzephyr.a(usb_transfer.c.obj)
                0x0000000060007afc                usb_cancel_transfer
 .text.usb_cancel_transfers
                0x0000000060007b38       0x48 zephyr/libzephyr.a(usb_transfer.c.obj)
                0x0000000060007b38                usb_cancel_transfers
 .text.usb_transfer_init
                0x0000000060007b80       0x30 zephyr/libzephyr.a(usb_transfer.c.obj)
                0x0000000060007b80                usb_transfer_init
 .text.cdc_acm_int_in
                0x0000000060007bb0       0x18 zephyr/libzephyr.a(cdc_acm.c.obj)
 .text.cdc_acm_irq_rx_enable
                0x0000000060007bc8       0x20 zephyr/libzephyr.a(cdc_acm.c.obj)
 .text.cdc_acm_irq_tx_enable
                0x0000000060007be8       0x20 zephyr/libzephyr.a(cdc_acm.c.obj)
 .text.cdc_acm_fifo_fill
                0x0000000060007c08       0x38 zephyr/libzephyr.a(cdc_acm.c.obj)
 .text.cdc_acm_poll_out
                0x0000000060007c40       0x64 zephyr/libzephyr.a(cdc_acm.c.obj)
 .text.tx_work_handler
                0x0000000060007ca4       0x60 zephyr/libzephyr.a(cdc_acm.c.obj)
 .text.cdc_acm_class_handle_req
                0x0000000060007d04       0x64 zephyr/libzephyr.a(cdc_acm.c.obj)
                0x0000000060007d04                cdc_acm_class_handle_req
 .text.cdc_acm_reset_port
                0x0000000060007d68       0x3c zephyr/libzephyr.a(cdc_acm.c.obj)
 .text.cdc_acm_write_cb
                0x0000000060007da4       0x44 zephyr/libzephyr.a(cdc_acm.c.obj)
 .text.cdc_acm_init
                0x0000000060007de8       0x48 zephyr/libzephyr.a(cdc_acm.c.obj)
 .text.cdc_acm_read_cb
                0x0000000060007e30       0x70 zephyr/libzephyr.a(cdc_acm.c.obj)
 .text.cdc_acm_dev_status_cb
                0x0000000060007ea0       0x88 zephyr/libzephyr.a(cdc_acm.c.obj)
 .text.z_usb_work_q_init
                0x0000000060007f28       0x34 zephyr/libzephyr.a(usb_work_q.c.obj)
 .text.z_arm_cpu_idle_init
                0x0000000060007f5c        0xc zephyr/arch/arch/arm/core/aarch32/libarch__arm__core__aarch32.a(cpu_idle.S.obj)
                0x0000000060007f5c                z_arm_cpu_idle_init
 .text.arch_cpu_idle
                0x0000000060007f68       0x1c zephyr/arch/arch/arm/core/aarch32/libarch__arm__core__aarch32.a(cpu_idle.S.obj)
                0x0000000060007f68                arch_cpu_idle
 .text.z_arm_fatal_error
                0x0000000060007f84       0xcc zephyr/arch/arch/arm/core/aarch32/libarch__arm__core__aarch32.a(fatal.c.obj)
                0x0000000060007f84                z_arm_fatal_error
 .text.arch_irq_enable
                0x0000000060008050       0x1c zephyr/arch/arch/arm/core/aarch32/libarch__arm__core__aarch32.a(irq_manage.c.obj)
                0x0000000060008050                arch_irq_enable
 .text.z_arm_irq_priority_set
                0x000000006000806c       0x64 zephyr/arch/arch/arm/core/aarch32/libarch__arm__core__aarch32.a(irq_manage.c.obj)
                0x000000006000806c                z_arm_irq_priority_set
 .text.z_SysNmiOnReset
                0x00000000600080d0        0x8 zephyr/arch/arch/arm/core/aarch32/libarch__arm__core__aarch32.a(nmi_on_reset.S.obj)
                0x00000000600080d0                z_SysNmiOnReset
 .text.z_arm_prep_c
                0x00000000600080d8       0x48 zephyr/arch/arch/arm/core/aarch32/libarch__arm__core__aarch32.a(prep_c.c.obj)
                0x00000000600080d8                z_arm_prep_c
 .text.arch_swap
                0x0000000060008120       0x34 zephyr/arch/arch/arm/core/aarch32/libarch__arm__core__aarch32.a(swap.c.obj)
                0x0000000060008120                arch_swap
 .text.z_arm_pendsv
                0x0000000060008154       0x54 zephyr/arch/arch/arm/core/aarch32/libarch__arm__core__aarch32.a(swap_helper.S.obj)
                0x0000000060008154                z_arm_pendsv
 .text.z_arm_svc
                0x00000000600081a8       0x20 zephyr/arch/arch/arm/core/aarch32/libarch__arm__core__aarch32.a(swap_helper.S.obj)
                0x00000000600081a8                z_arm_svc
 .text.arch_new_thread
                0x00000000600081c8       0x2c zephyr/arch/arch/arm/core/aarch32/libarch__arm__core__aarch32.a(thread.c.obj)
                0x00000000600081c8                arch_new_thread
 .text.z_check_thread_stack_fail
                0x00000000600081f4       0x2c zephyr/arch/arch/arm/core/aarch32/libarch__arm__core__aarch32.a(thread.c.obj)
                0x00000000600081f4                z_check_thread_stack_fail
 .text.arch_switch_to_main_thread
                0x0000000060008220       0x2c zephyr/arch/arch/arm/core/aarch32/libarch__arm__core__aarch32.a(thread.c.obj)
                0x0000000060008220                arch_switch_to_main_thread
 .text._isr_wrapper
                0x000000006000824c       0x28 zephyr/arch/arch/arm/core/aarch32/libarch__arm__core__aarch32.a(isr_wrapper.S.obj)
                0x000000006000824c                _isr_wrapper
 .text._HandlerModeExit
                0x0000000060008274       0x1c zephyr/arch/arch/arm/core/aarch32/cortex_m/libarch__arm__core__aarch32__cortex_m.a(exc_exit.S.obj)
                0x0000000060008274                z_arm_exc_exit
                0x0000000060008274                z_arm_int_exit
 .text.bus_fault.constprop.0
                0x0000000060008290      0x154 zephyr/arch/arch/arm/core/aarch32/cortex_m/libarch__arm__core__aarch32__cortex_m.a(fault.c.obj)
 .text.usage_fault.constprop.0
                0x00000000600083e4      0x104 zephyr/arch/arch/arm/core/aarch32/cortex_m/libarch__arm__core__aarch32__cortex_m.a(fault.c.obj)
 .text.mem_manage_fault
                0x00000000600084e8      0x1ac zephyr/arch/arch/arm/core/aarch32/cortex_m/libarch__arm__core__aarch32__cortex_m.a(fault.c.obj)
 .text.z_arm_fault
                0x0000000060008694      0x290 zephyr/arch/arch/arm/core/aarch32/cortex_m/libarch__arm__core__aarch32__cortex_m.a(fault.c.obj)
                0x0000000060008694                z_arm_fault
 .text.z_arm_fault_init
                0x0000000060008924       0x10 zephyr/arch/arch/arm/core/aarch32/cortex_m/libarch__arm__core__aarch32__cortex_m.a(fault.c.obj)
                0x0000000060008924                z_arm_fault_init
 .text.__fault  0x0000000060008934       0x14 zephyr/arch/arch/arm/core/aarch32/cortex_m/libarch__arm__core__aarch32__cortex_m.a(fault_s.S.obj)
                0x0000000060008934                z_arm_bus_fault
                0x0000000060008934                z_arm_usage_fault
                0x0000000060008934                z_arm_mpu_fault
                0x0000000060008934                z_arm_exc_spurious
                0x0000000060008934                z_arm_debug_monitor
                0x0000000060008934                z_arm_hard_fault
 .text.z_arm_interrupt_init
                0x0000000060008948       0x18 zephyr/arch/arch/arm/core/aarch32/cortex_m/libarch__arm__core__aarch32__cortex_m.a(irq_init.c.obj)
                0x0000000060008948                z_arm_interrupt_init
 .text._reset_section
                0x0000000060008960       0x30 zephyr/arch/arch/arm/core/aarch32/cortex_m/libarch__arm__core__aarch32__cortex_m.a(reset.S.obj)
                0x0000000060008960                z_arm_reset
                0x0000000060008960                __start
 .text.z_impl_k_thread_abort
                0x0000000060008990       0x2c zephyr/arch/arch/arm/core/aarch32/cortex_m/libarch__arm__core__aarch32__cortex_m.a(thread_abort.c.obj)
                0x0000000060008990                z_impl_k_thread_abort
 .text.z_arm_configure_static_mpu_regions
                0x00000000600089bc       0x18 zephyr/arch/arch/arm/core/aarch32/mpu/libarch__arm__core__aarch32__mpu.a(arm_core_mpu.c.obj)
                0x00000000600089bc                z_arm_configure_static_mpu_regions
 .text.z_arm_configure_dynamic_mpu_regions
                0x00000000600089d4       0x20 zephyr/arch/arch/arm/core/aarch32/mpu/libarch__arm__core__aarch32__mpu.a(arm_core_mpu.c.obj)
                0x00000000600089d4                z_arm_configure_dynamic_mpu_regions
 .text.mpu_configure_regions
                0x00000000600089f4       0xcc zephyr/arch/arch/arm/core/aarch32/mpu/libarch__arm__core__aarch32__mpu.a(arm_mpu.c.obj)
 .text.arm_core_mpu_enable
                0x0000000060008ac0       0x18 zephyr/arch/arch/arm/core/aarch32/mpu/libarch__arm__core__aarch32__mpu.a(arm_mpu.c.obj)
                0x0000000060008ac0                arm_core_mpu_enable
 .text.arm_core_mpu_disable
                0x0000000060008ad8       0x14 zephyr/arch/arch/arm/core/aarch32/mpu/libarch__arm__core__aarch32__mpu.a(arm_mpu.c.obj)
                0x0000000060008ad8                arm_core_mpu_disable
 .text.arm_core_mpu_configure_static_mpu_regions
                0x0000000060008aec       0x4c zephyr/arch/arch/arm/core/aarch32/mpu/libarch__arm__core__aarch32__mpu.a(arm_mpu.c.obj)
                0x0000000060008aec                arm_core_mpu_configure_static_mpu_regions
 .text.arm_core_mpu_configure_dynamic_mpu_regions
                0x0000000060008b38       0x64 zephyr/arch/arch/arm/core/aarch32/mpu/libarch__arm__core__aarch32__mpu.a(arm_mpu.c.obj)
                0x0000000060008b38                arm_core_mpu_configure_dynamic_mpu_regions
 .text.z_arm_mpu_init
                0x0000000060008b9c      0x104 zephyr/arch/arch/arm/core/aarch32/mpu/libarch__arm__core__aarch32__mpu.a(arm_mpu.c.obj)
                0x0000000060008b9c                z_arm_mpu_init
 .text.malloc_prepare
                0x0000000060008ca0       0x44 zephyr/lib/libc/newlib/liblib__libc__newlib.a(libc-hooks.c.obj)
 .text.__stdout_hook_install
                0x0000000060008ce4        0xc zephyr/lib/libc/newlib/liblib__libc__newlib.a(libc-hooks.c.obj)
                0x0000000060008ce4                __stdout_hook_install
 .text.z_impl_zephyr_read_stdin
                0x0000000060008cf0       0x28 zephyr/lib/libc/newlib/liblib__libc__newlib.a(libc-hooks.c.obj)
                0x0000000060008cf0                z_impl_zephyr_read_stdin
 .text.z_impl_zephyr_write_stdout
                0x0000000060008d18       0x30 zephyr/lib/libc/newlib/liblib__libc__newlib.a(libc-hooks.c.obj)
                0x0000000060008d18                z_impl_zephyr_write_stdout
 .text._exit    0x0000000060008d48       0x10 zephyr/lib/libc/newlib/liblib__libc__newlib.a(libc-hooks.c.obj)
                0x0000000060008d48                _exit
 .text._sbrk    0x0000000060008d58       0x28 zephyr/lib/libc/newlib/liblib__libc__newlib.a(libc-hooks.c.obj)
                0x0000000060008d58                _sbrk
                0x0000000060008d58                sbrk
 .text.__retarget_lock_init_recursive
                0x0000000060008d80       0x60 zephyr/lib/libc/newlib/liblib__libc__newlib.a(libc-hooks.c.obj)
                0x0000000060008d80                __retarget_lock_init_recursive
 .text.__retarget_lock_close_recursive
                0x0000000060008de0       0x30 zephyr/lib/libc/newlib/liblib__libc__newlib.a(libc-hooks.c.obj)
                0x0000000060008de0                __retarget_lock_close_recursive
 .text.__retarget_lock_acquire_recursive
                0x0000000060008e10       0x38 zephyr/lib/libc/newlib/liblib__libc__newlib.a(libc-hooks.c.obj)
                0x0000000060008e10                __retarget_lock_acquire_recursive
 .text.__retarget_lock_release_recursive
                0x0000000060008e48       0x30 zephyr/lib/libc/newlib/liblib__libc__newlib.a(libc-hooks.c.obj)
                0x0000000060008e48                __retarget_lock_release_recursive
 .text.usb_isr_handler
                0x0000000060008e78        0xc zephyr/drivers/usb/device/libdrivers__usb__device.a(usb_dc_mcux.c.obj)
 .text.usb_mcux_init
                0x0000000060008e84       0x48 zephyr/drivers/usb/device/libdrivers__usb__device.a(usb_dc_mcux.c.obj)
 .text.usb_mcux_thread_main
                0x0000000060008ecc      0x260 zephyr/drivers/usb/device/libdrivers__usb__device.a(usb_dc_mcux.c.obj)
 .text.usb_dc_attach
                0x000000006000912c       0x80 zephyr/drivers/usb/device/libdrivers__usb__device.a(usb_dc_mcux.c.obj)
                0x000000006000912c                usb_dc_attach
 .text.usb_dc_set_address
                0x00000000600091ac       0x44 zephyr/drivers/usb/device/libdrivers__usb__device.a(usb_dc_mcux.c.obj)
                0x00000000600091ac                usb_dc_set_address
 .text.usb_dc_ep_check_cap
                0x00000000600091f0       0x4c zephyr/drivers/usb/device/libdrivers__usb__device.a(usb_dc_mcux.c.obj)
                0x00000000600091f0                usb_dc_ep_check_cap
 .text.usb_dc_ep_configure
                0x000000006000923c      0x178 zephyr/drivers/usb/device/libdrivers__usb__device.a(usb_dc_mcux.c.obj)
                0x000000006000923c                usb_dc_ep_configure
 .text.usb_dc_ep_set_stall
                0x00000000600093b4       0x70 zephyr/drivers/usb/device/libdrivers__usb__device.a(usb_dc_mcux.c.obj)
                0x00000000600093b4                usb_dc_ep_set_stall
 .text.usb_dc_ep_clear_stall
                0x0000000060009424       0xd8 zephyr/drivers/usb/device/libdrivers__usb__device.a(usb_dc_mcux.c.obj)
                0x0000000060009424                usb_dc_ep_clear_stall
 .text.usb_dc_ep_is_stalled
                0x00000000600094fc       0x84 zephyr/drivers/usb/device/libdrivers__usb__device.a(usb_dc_mcux.c.obj)
                0x00000000600094fc                usb_dc_ep_is_stalled
 .text.usb_dc_ep_enable
                0x0000000060009580       0xe4 zephyr/drivers/usb/device/libdrivers__usb__device.a(usb_dc_mcux.c.obj)
                0x0000000060009580                usb_dc_ep_enable
 .text.usb_dc_ep_disable
                0x0000000060009664       0xa0 zephyr/drivers/usb/device/libdrivers__usb__device.a(usb_dc_mcux.c.obj)
                0x0000000060009664                usb_dc_ep_disable
 .text.usb_dc_ep_write
                0x0000000060009704       0xac zephyr/drivers/usb/device/libdrivers__usb__device.a(usb_dc_mcux.c.obj)
                0x0000000060009704                usb_dc_ep_write
 .text.usb_dc_ep_read_wait
                0x00000000600097b0      0x130 zephyr/drivers/usb/device/libdrivers__usb__device.a(usb_dc_mcux.c.obj)
                0x00000000600097b0                usb_dc_ep_read_wait
 .text.usb_dc_ep_read_continue
                0x00000000600098e0       0xe4 zephyr/drivers/usb/device/libdrivers__usb__device.a(usb_dc_mcux.c.obj)
                0x00000000600098e0                usb_dc_ep_read_continue
 .text.usb_dc_ep_set_callback
                0x00000000600099c4       0x58 zephyr/drivers/usb/device/libdrivers__usb__device.a(usb_dc_mcux.c.obj)
                0x00000000600099c4                usb_dc_ep_set_callback
 .text.usb_dc_set_status_callback
                0x0000000060009a1c        0xc zephyr/drivers/usb/device/libdrivers__usb__device.a(usb_dc_mcux.c.obj)
                0x0000000060009a1c                usb_dc_set_status_callback
 .text.usb_dc_ep_mps
                0x0000000060009a28       0x4c zephyr/drivers/usb/device/libdrivers__usb__device.a(usb_dc_mcux.c.obj)
                0x0000000060009a28                usb_dc_ep_mps
 .text.USB_DeviceNotificationTrigger
                0x0000000060009a74       0x14 zephyr/drivers/usb/device/libdrivers__usb__device.a(usb_dc_mcux.c.obj)
                0x0000000060009a74                USB_DeviceNotificationTrigger
 .text.mcux_12b1msps_sar_adc_init
                0x0000000060009a88       0xb4 zephyr/drivers/adc/libdrivers__adc.a(adc_mcux_12b1msps_sar.c.obj)
 .text.mcux_12b1msps_sar_adc_channel_setup
                0x0000000060009b3c       0x90 zephyr/drivers/adc/libdrivers__adc.a(adc_mcux_12b1msps_sar.c.obj)
 .text.mcux_12b1msps_sar_adc_read
                0x0000000060009bcc      0x148 zephyr/drivers/adc/libdrivers__adc.a(adc_mcux_12b1msps_sar.c.obj)
 .text.mcux_ccm_get_subsys_rate
                0x0000000060009d14       0xac zephyr/drivers/clock_control/libdrivers__clock_control.a(clock_control_mcux_ccm.c.obj)
 .text.uart_console_init
                0x0000000060009dc0       0x28 zephyr/drivers/console/libdrivers__console.a(uart_console.c.obj)
 .text.console_out
                0x0000000060009de8       0x28 zephyr/drivers/console/libdrivers__console.a(uart_console.c.obj)
 .text.mcux_igpio_manage_callback
                0x0000000060009e10       0xa0 zephyr/drivers/gpio/libdrivers__gpio.a(gpio_mcux_igpio.c.obj)
 .text.mcux_igpio_port_isr
                0x0000000060009eb0       0x60 zephyr/drivers/gpio/libdrivers__gpio.a(gpio_mcux_igpio.c.obj)
 .text.mcux_lpi2c_transfer
                0x0000000060009f10       0xe8 zephyr/drivers/i2c/libdrivers__i2c.a(i2c_mcux_lpi2c.c.obj)
 .text.mcux_lpi2c_configure
                0x0000000060009ff8       0x6c zephyr/drivers/i2c/libdrivers__i2c.a(i2c_mcux_lpi2c.c.obj)
 .text.mcux_lpi2c_init
                0x000000006000a064      0x134 zephyr/drivers/i2c/libdrivers__i2c.a(i2c_mcux_lpi2c.c.obj)
 .text.pwm_mcux_init
                0x000000006000a198       0xbc zephyr/drivers/pwm/libdrivers__pwm.a(pwm_mcux.c.obj)
 .text.mcux_pwm_set_cycles
                0x000000006000a254      0x1b0 zephyr/drivers/pwm/libdrivers__pwm.a(pwm_mcux.c.obj)
 .text.ina219_sample_fetch
                0x000000006000a404      0x178 zephyr/drivers/sensor/ina219/libdrivers__sensor__ina219.a(ina219.c.obj)
 .text.ina219_init
                0x000000006000a57c       0xf8 zephyr/drivers/sensor/ina219/libdrivers__sensor__ina219.a(ina219.c.obj)
 .text.mpu6050_convert_gyro
                0x000000006000a674       0x30 zephyr/drivers/sensor/mpu6050/libdrivers__sensor__mpu6050.a(mpu6050.c.obj)
 .text.mpu6050_sample_fetch
                0x000000006000a6a4       0xa0 zephyr/drivers/sensor/mpu6050/libdrivers__sensor__mpu6050.a(mpu6050.c.obj)
 .text.mpu6050_init
                0x000000006000a744      0x188 zephyr/drivers/sensor/mpu6050/libdrivers__sensor__mpu6050.a(mpu6050.c.obj)
                0x000000006000a744                mpu6050_init
 .text.mpu6050_channel_get
                0x000000006000a8cc      0x1d8 zephyr/drivers/sensor/mpu6050/libdrivers__sensor__mpu6050.a(mpu6050.c.obj)
 .text.z_impl_hwinfo_get_device_id
                0x000000006000aaa4       0x70 zephyr/drivers/hwinfo/libdrivers__hwinfo.a(hwinfo_imxrt.c.obj)
                0x000000006000aaa4                z_impl_hwinfo_get_device_id
 .text.elapsed  0x000000006000ab14       0x3c zephyr/drivers/timer/libdrivers__timer.a(cortex_m_systick.c.obj)
 .text.sys_clock_driver_init
                0x000000006000ab50       0x34 zephyr/drivers/timer/libdrivers__timer.a(cortex_m_systick.c.obj)
 .text.sys_clock_isr
                0x000000006000ab84       0x44 zephyr/drivers/timer/libdrivers__timer.a(cortex_m_systick.c.obj)
                0x000000006000ab84                sys_clock_isr
 .text.sys_clock_set_timeout
                0x000000006000abc8      0x148 zephyr/drivers/timer/libdrivers__timer.a(cortex_m_systick.c.obj)
                0x000000006000abc8                sys_clock_set_timeout
 .text.sys_clock_elapsed
                0x000000006000ad10       0xa4 zephyr/drivers/timer/libdrivers__timer.a(cortex_m_systick.c.obj)
                0x000000006000ad10                sys_clock_elapsed
 .text.sys_clock_cycle_get_32
                0x000000006000adb4       0x94 zephyr/drivers/timer/libdrivers__timer.a(cortex_m_systick.c.obj)
                0x000000006000adb4                sys_clock_cycle_get_32
 .text.imx_pinctrl_init
                0x000000006000ae48       0x50 zephyr/drivers/pinctrl/libdrivers__pinctrl.a(pinctrl_imx.c.obj)
 .text.CLOCK_GetOscFreq
                0x000000006000ae98       0x20 modules/hal_nxp/hal_nxp/lib..__modules__hal__nxp.a(fsl_clock.c.obj)
 .text.CLOCK_EnableUsbhs0Clock
                0x000000006000aeb8       0x50 modules/hal_nxp/hal_nxp/lib..__modules__hal__nxp.a(fsl_clock.c.obj)
                0x000000006000aeb8                CLOCK_EnableUsbhs0Clock
 .text.CLOCK_InitArmPll
                0x000000006000af08       0x44 modules/hal_nxp/hal_nxp/lib..__modules__hal__nxp.a(fsl_clock.c.obj)
                0x000000006000af08                CLOCK_InitArmPll
 .text.CLOCK_InitUsb1Pll
                0x000000006000af4c       0x44 modules/hal_nxp/hal_nxp/lib..__modules__hal__nxp.a(fsl_clock.c.obj)
                0x000000006000af4c                CLOCK_InitUsb1Pll
 .text.CLOCK_EnableUsbhs0PhyPllClock
                0x000000006000af90       0x48 modules/hal_nxp/hal_nxp/lib..__modules__hal__nxp.a(fsl_clock.c.obj)
                0x000000006000af90                CLOCK_EnableUsbhs0PhyPllClock
 .text.CLOCK_GetPllFreq
                0x000000006000afd8      0x204 modules/hal_nxp/hal_nxp/lib..__modules__hal__nxp.a(fsl_clock.c.obj)
                0x000000006000afd8                CLOCK_GetPllFreq
 .text.CLOCK_GetSysPfdFreq
                0x000000006000b1dc       0x5c modules/hal_nxp/hal_nxp/lib..__modules__hal__nxp.a(fsl_clock.c.obj)
                0x000000006000b1dc                CLOCK_GetSysPfdFreq
 .text.CLOCK_GetPeriphClkFreq
                0x000000006000b238       0x90 modules/hal_nxp/hal_nxp/lib..__modules__hal__nxp.a(fsl_clock.c.obj)
 .text.CLOCK_GetAhbFreq
                0x000000006000b2c8       0x1c modules/hal_nxp/hal_nxp/lib..__modules__hal__nxp.a(fsl_clock.c.obj)
                0x000000006000b2c8                CLOCK_GetAhbFreq
 .text.CLOCK_GetIpgFreq
                0x000000006000b2e4       0x1c modules/hal_nxp/hal_nxp/lib..__modules__hal__nxp.a(fsl_clock.c.obj)
                0x000000006000b2e4                CLOCK_GetIpgFreq
 .text.SystemInit
                0x000000006000b300       0xcc modules/hal_nxp/hal_nxp/lib..__modules__hal__nxp.a(system_MIMXRT1062.c.obj)
                0x000000006000b300                SystemInit
 .text.__NVIC_EnableIRQ
                0x000000006000b3cc       0x1c modules/hal_nxp/hal_nxp/lib..__modules__hal__nxp.a(fsl_lpi2c.c.obj)
 .text.CLOCK_ControlGate
                0x000000006000b3e8       0x50 modules/hal_nxp/hal_nxp/lib..__modules__hal__nxp.a(fsl_lpi2c.c.obj)
 .text.LPI2C_GetCyclesForWidth
                0x000000006000b438       0x64 modules/hal_nxp/hal_nxp/lib..__modules__hal__nxp.a(fsl_lpi2c.c.obj)
 .text.LPI2C_GetInstance
                0x000000006000b49c       0x50 modules/hal_nxp/hal_nxp/lib..__modules__hal__nxp.a(fsl_lpi2c.c.obj)
                0x000000006000b49c                LPI2C_GetInstance
 .text.LPI2C_MasterGetDefaultConfig
                0x000000006000b4ec       0x28 modules/hal_nxp/hal_nxp/lib..__modules__hal__nxp.a(fsl_lpi2c.c.obj)
                0x000000006000b4ec                LPI2C_MasterGetDefaultConfig
 .text.LPI2C_MasterInit
                0x000000006000b514      0x10c modules/hal_nxp/hal_nxp/lib..__modules__hal__nxp.a(fsl_lpi2c.c.obj)
                0x000000006000b514                LPI2C_MasterInit
 .text.LPI2C_MasterTransferCreateHandle
                0x000000006000b620       0x78 modules/hal_nxp/hal_nxp/lib..__modules__hal__nxp.a(fsl_lpi2c.c.obj)
                0x000000006000b620                LPI2C_MasterTransferCreateHandle
 .text.LPI2C_MasterTransferNonBlocking
                0x000000006000b698      0x130 modules/hal_nxp/hal_nxp/lib..__modules__hal__nxp.a(fsl_lpi2c.c.obj)
                0x000000006000b698                LPI2C_MasterTransferNonBlocking
 .text.LPI2C_MasterTransferAbort
                0x000000006000b7c8       0x34 modules/hal_nxp/hal_nxp/lib..__modules__hal__nxp.a(fsl_lpi2c.c.obj)
                0x000000006000b7c8                LPI2C_MasterTransferAbort
 .text.LPI2C_MasterTransferHandleIRQ
                0x000000006000b7fc      0x1d0 modules/hal_nxp/hal_nxp/lib..__modules__hal__nxp.a(fsl_lpi2c.c.obj)
                0x000000006000b7fc                LPI2C_MasterTransferHandleIRQ
 .text.CLOCK_ControlGate
                0x000000006000b9cc       0x50 modules/hal_nxp/hal_nxp/lib..__modules__hal__nxp.a(fsl_lpuart.c.obj)
 .text.LPUART_GetInstance
                0x000000006000ba1c       0x34 modules/hal_nxp/hal_nxp/lib..__modules__hal__nxp.a(fsl_lpuart.c.obj)
                0x000000006000ba1c                LPUART_GetInstance
 .text.LPUART_Init
                0x000000006000ba50      0x1e8 modules/hal_nxp/hal_nxp/lib..__modules__hal__nxp.a(fsl_lpuart.c.obj)
                0x000000006000ba50                LPUART_Init
 .text.LPUART_Deinit
                0x000000006000bc38       0x38 modules/hal_nxp/hal_nxp/lib..__modules__hal__nxp.a(fsl_lpuart.c.obj)
                0x000000006000bc38                LPUART_Deinit
 .text.LPUART_GetDefaultConfig
                0x000000006000bc70       0x34 modules/hal_nxp/hal_nxp/lib..__modules__hal__nxp.a(fsl_lpuart.c.obj)
                0x000000006000bc70                LPUART_GetDefaultConfig
 .text.LPUART_GetEnabledInterrupts
                0x000000006000bca4       0x2c modules/hal_nxp/hal_nxp/lib..__modules__hal__nxp.a(fsl_lpuart.c.obj)
                0x000000006000bca4                LPUART_GetEnabledInterrupts
 .text.LPUART_GetStatusFlags
                0x000000006000bcd0       0x18 modules/hal_nxp/hal_nxp/lib..__modules__hal__nxp.a(fsl_lpuart.c.obj)
                0x000000006000bcd0                LPUART_GetStatusFlags
 .text.LPUART_ClearStatusFlags
                0x000000006000bce8       0x3c modules/hal_nxp/hal_nxp/lib..__modules__hal__nxp.a(fsl_lpuart.c.obj)
                0x000000006000bce8                LPUART_ClearStatusFlags
 .text.GPIO_PinWrite
                0x000000006000bd24       0x34 modules/hal_nxp/hal_nxp/lib..__modules__hal__nxp.a(fsl_gpio.c.obj)
                0x000000006000bd24                GPIO_PinWrite
 .text.PWM_GetInstance
                0x000000006000bd58       0x50 modules/hal_nxp/hal_nxp/lib..__modules__hal__nxp.a(fsl_pwm.c.obj)
 .text.CLOCK_ControlGate
                0x000000006000bda8       0x50 modules/hal_nxp/hal_nxp/lib..__modules__hal__nxp.a(fsl_pwm.c.obj)
 .text.PWM_Init
                0x000000006000bdf8      0x144 modules/hal_nxp/hal_nxp/lib..__modules__hal__nxp.a(fsl_pwm.c.obj)
                0x000000006000bdf8                PWM_Init
 .text.PWM_GetDefaultConfig
                0x000000006000bf3c       0x34 modules/hal_nxp/hal_nxp/lib..__modules__hal__nxp.a(fsl_pwm.c.obj)
                0x000000006000bf3c                PWM_GetDefaultConfig
 .text.PWM_SetupPwm
                0x000000006000bf70      0x54c modules/hal_nxp/hal_nxp/lib..__modules__hal__nxp.a(fsl_pwm.c.obj)
                0x000000006000bf70                PWM_SetupPwm
 .text.PWM_UpdatePwmDutycycleHighAccuracy
                0x000000006000c4bc      0x11c modules/hal_nxp/hal_nxp/lib..__modules__hal__nxp.a(fsl_pwm.c.obj)
                0x000000006000c4bc                PWM_UpdatePwmDutycycleHighAccuracy
 .text.PWM_UpdatePwmDutycycle
                0x000000006000c5d8       0x50 modules/hal_nxp/hal_nxp/lib..__modules__hal__nxp.a(fsl_pwm.c.obj)
                0x000000006000c5d8                PWM_UpdatePwmDutycycle
 .text.ADC_GetInstance
                0x000000006000c628       0x38 modules/hal_nxp/hal_nxp/lib..__modules__hal__nxp.a(fsl_adc.c.obj)
 .text.CLOCK_ControlGate
                0x000000006000c660       0x50 modules/hal_nxp/hal_nxp/lib..__modules__hal__nxp.a(fsl_adc.c.obj)
 .text.ADC_Init
                0x000000006000c6b0       0xa8 modules/hal_nxp/hal_nxp/lib..__modules__hal__nxp.a(fsl_adc.c.obj)
                0x000000006000c6b0                ADC_Init
 .text.ADC_GetDefaultConfig
                0x000000006000c758       0x3c modules/hal_nxp/hal_nxp/lib..__modules__hal__nxp.a(fsl_adc.c.obj)
                0x000000006000c758                ADC_GetDefaultConfig
 .text.ADC_SetChannelConfig
                0x000000006000c794       0x40 modules/hal_nxp/hal_nxp/lib..__modules__hal__nxp.a(fsl_adc.c.obj)
                0x000000006000c794                ADC_SetChannelConfig
 .text.DCACHE_CleanByRange
                0x000000006000c7d4       0x2c modules/hal_nxp/hal_nxp/lib..__modules__hal__nxp.a(fsl_cache.c.obj)
                0x000000006000c7d4                DCACHE_CleanByRange
 .text.USB_EhciPhyGetBase
                0x000000006000c800       0x70 modules/hal_nxp/hal_nxp/lib..__modules__hal__nxp.a(usb_phy.c.obj)
                0x000000006000c800                USB_EhciPhyGetBase
 .text.USB_DeviceEhciTransfer
                0x000000006000c870      0x218 modules/hal_nxp/hal_nxp/lib..__modules__hal__nxp.a(usb_device_ehci.c.obj)
 .text.USB_DeviceEhciCancelControlPipe
                0x000000006000ca88       0xd4 modules/hal_nxp/hal_nxp/lib..__modules__hal__nxp.a(usb_device_ehci.c.obj)
 .text.USB_DeviceEhciInit
                0x000000006000cb5c       0xac modules/hal_nxp/hal_nxp/lib..__modules__hal__nxp.a(usb_device_ehci.c.obj)
                0x000000006000cb5c                USB_DeviceEhciInit
 .text.USB_DeviceEhciDeinit
                0x000000006000cc08       0x44 modules/hal_nxp/hal_nxp/lib..__modules__hal__nxp.a(usb_device_ehci.c.obj)
                0x000000006000cc08                USB_DeviceEhciDeinit
 .text.USB_DeviceEhciCancel
                0x000000006000cc4c      0x150 modules/hal_nxp/hal_nxp/lib..__modules__hal__nxp.a(usb_device_ehci.c.obj)
                0x000000006000cc4c                USB_DeviceEhciCancel
 .text.k_sys_fatal_error_handler
                0x000000006000cd9c       0x30 zephyr/kernel/libkernel.a(fatal.c.obj)
                0x000000006000cd9c                k_sys_fatal_error_handler
 .text.z_fatal_error
                0x000000006000cdcc      0x12c zephyr/kernel/libkernel.a(fatal.c.obj)
                0x000000006000cdcc                z_fatal_error
 .text.z_sys_init_run_level
                0x000000006000cef8       0x44 zephyr/kernel/libkernel.a(init.c.obj)
 .text.bg_thread_main
                0x000000006000cf3c       0x34 zephyr/kernel/libkernel.a(init.c.obj)
 .text.z_bss_zero
                0x000000006000cf70       0x2c zephyr/kernel/libkernel.a(init.c.obj)
                0x000000006000cf70                z_bss_zero
 .text.z_init_cpu
                0x000000006000cf9c       0x70 zephyr/kernel/libkernel.a(init.c.obj)
                0x000000006000cf9c                z_init_cpu
 .text.z_cstart
                0x000000006000d00c       0xd8 zephyr/kernel/libkernel.a(init.c.obj)
                0x000000006000d00c                z_cstart
 .text.statics_init
                0x000000006000d0e4       0x50 zephyr/kernel/libkernel.a(kheap.c.obj)
 .text.k_heap_aligned_alloc
                0x000000006000d134      0x140 zephyr/kernel/libkernel.a(kheap.c.obj)
                0x000000006000d134                k_heap_aligned_alloc
 .text.k_heap_free
                0x000000006000d274       0xa4 zephyr/kernel/libkernel.a(kheap.c.obj)
                0x000000006000d274                k_heap_free
 .text.z_setup_new_thread
                0x000000006000d318       0xb0 zephyr/kernel/libkernel.a(thread.c.obj)
                0x000000006000d318                z_setup_new_thread
 .text.z_impl_k_thread_create
                0x000000006000d3c8       0x8c zephyr/kernel/libkernel.a(thread.c.obj)
                0x000000006000d3c8                z_impl_k_thread_create
 .text.z_init_static_threads
                0x000000006000d454       0xe4 zephyr/kernel/libkernel.a(thread.c.obj)
                0x000000006000d454                z_init_static_threads
 .text.z_spin_lock_valid
                0x000000006000d538       0x1c zephyr/kernel/libkernel.a(thread.c.obj)
                0x000000006000d538                z_spin_lock_valid
 .text.z_spin_unlock_valid
                0x000000006000d554       0x1c zephyr/kernel/libkernel.a(thread.c.obj)
                0x000000006000d554                z_spin_unlock_valid
 .text.z_spin_lock_set_owner
                0x000000006000d570       0x10 zephyr/kernel/libkernel.a(thread.c.obj)
                0x000000006000d570                z_spin_lock_set_owner
 .text.idle     0x000000006000d580       0x48 zephyr/kernel/libkernel.a(idle.c.obj)
                0x000000006000d580                idle
 .text.z_impl_k_msgq_put
                0x000000006000d5c8      0x13c zephyr/kernel/libkernel.a(msg_q.c.obj)
                0x000000006000d5c8                z_impl_k_msgq_put
 .text.z_impl_k_msgq_get
                0x000000006000d704      0x158 zephyr/kernel/libkernel.a(msg_q.c.obj)
                0x000000006000d704                z_impl_k_msgq_get
 .text.z_impl_k_mutex_lock
                0x000000006000d85c      0x1a0 zephyr/kernel/libkernel.a(mutex.c.obj)
                0x000000006000d85c                z_impl_k_mutex_lock
 .text.z_impl_k_mutex_unlock
                0x000000006000d9fc      0x11c zephyr/kernel/libkernel.a(mutex.c.obj)
                0x000000006000d9fc                z_impl_k_mutex_unlock
 .text.z_impl_k_sem_give
                0x000000006000db18       0x7c zephyr/kernel/libkernel.a(sem.c.obj)
                0x000000006000db18                z_impl_k_sem_give
 .text.z_impl_k_sem_take
                0x000000006000db94       0xf4 zephyr/kernel/libkernel.a(sem.c.obj)
                0x000000006000db94                z_impl_k_sem_take
 .text.work_queue_main
                0x000000006000dc88      0x1e8 zephyr/kernel/libkernel.a(work.c.obj)
 .text.submit_to_queue_locked
                0x000000006000de70       0xd8 zephyr/kernel/libkernel.a(work.c.obj)
 .text.work_timeout
                0x000000006000df48       0xa4 zephyr/kernel/libkernel.a(work.c.obj)
 .text.k_work_init
                0x000000006000dfec       0x4c zephyr/kernel/libkernel.a(work.c.obj)
                0x000000006000dfec                k_work_init
 .text.z_work_submit_to_queue
                0x000000006000e038       0xb4 zephyr/kernel/libkernel.a(work.c.obj)
                0x000000006000e038                z_work_submit_to_queue
 .text.k_work_queue_init
                0x000000006000e0ec       0x34 zephyr/kernel/libkernel.a(work.c.obj)
                0x000000006000e0ec                k_work_queue_init
 .text.k_work_queue_start
                0x000000006000e120       0xd0 zephyr/kernel/libkernel.a(work.c.obj)
                0x000000006000e120                k_work_queue_start
 .text.k_work_init_delayable
                0x000000006000e1f0       0x58 zephyr/kernel/libkernel.a(work.c.obj)
                0x000000006000e1f0                k_work_init_delayable
 .text.k_work_schedule_for_queue
                0x000000006000e248       0xec zephyr/kernel/libkernel.a(work.c.obj)
                0x000000006000e248                k_work_schedule_for_queue
 .text.z_reset_time_slice
                0x000000006000e334       0x28 zephyr/kernel/libkernel.a(sched.c.obj)
                0x000000006000e334                z_reset_time_slice
 .text.update_cache
                0x000000006000e35c       0x68 zephyr/kernel/libkernel.a(sched.c.obj)
 .text.ready_thread
                0x000000006000e3c4       0x94 zephyr/kernel/libkernel.a(sched.c.obj)
 .text.k_sched_time_slice_set
                0x000000006000e458       0xb8 zephyr/kernel/libkernel.a(sched.c.obj)
                0x000000006000e458                k_sched_time_slice_set
 .text.z_ready_thread
                0x000000006000e510       0x8c zephyr/kernel/libkernel.a(sched.c.obj)
                0x000000006000e510                z_ready_thread
 .text.z_unpend_thread_no_timeout
                0x000000006000e59c       0x90 zephyr/kernel/libkernel.a(sched.c.obj)
                0x000000006000e59c                z_unpend_thread_no_timeout
 .text.z_reschedule
                0x000000006000e62c       0x84 zephyr/kernel/libkernel.a(sched.c.obj)
                0x000000006000e62c                z_reschedule
 .text.z_sched_start
                0x000000006000e6b0       0xa4 zephyr/kernel/libkernel.a(sched.c.obj)
                0x000000006000e6b0                z_sched_start
 .text.k_sched_lock
                0x000000006000e754       0xd8 zephyr/kernel/libkernel.a(sched.c.obj)
                0x000000006000e754                k_sched_lock
 .text.k_sched_unlock
                0x000000006000e82c       0xe8 zephyr/kernel/libkernel.a(sched.c.obj)
                0x000000006000e82c                k_sched_unlock
 .text.z_priq_dumb_remove
                0x000000006000e914       0x40 zephyr/kernel/libkernel.a(sched.c.obj)
                0x000000006000e914                z_priq_dumb_remove
 .text.move_thread_to_end_of_prio_q
                0x000000006000e954       0xa4 zephyr/kernel/libkernel.a(sched.c.obj)
 .text.z_time_slice
                0x000000006000e9f8       0xec zephyr/kernel/libkernel.a(sched.c.obj)
                0x000000006000e9f8                z_time_slice
 .text.unready_thread
                0x000000006000eae4       0x38 zephyr/kernel/libkernel.a(sched.c.obj)
 .text.add_to_waitq_locked
                0x000000006000eb1c       0x7c zephyr/kernel/libkernel.a(sched.c.obj)
 .text.pend_locked
                0x000000006000eb98       0x30 zephyr/kernel/libkernel.a(sched.c.obj)
 .text.z_pend_curr
                0x000000006000ebc8       0xec zephyr/kernel/libkernel.a(sched.c.obj)
                0x000000006000ebc8                z_pend_curr
 .text.z_set_prio
                0x000000006000ecb4      0x124 zephyr/kernel/libkernel.a(sched.c.obj)
                0x000000006000ecb4                z_set_prio
 .text.z_impl_k_thread_suspend
                0x000000006000edd8       0xd0 zephyr/kernel/libkernel.a(sched.c.obj)
                0x000000006000edd8                z_impl_k_thread_suspend
 .text.unpend_thread_no_timeout
                0x000000006000eea8       0x40 zephyr/kernel/libkernel.a(sched.c.obj)
 .text.z_unpend_thread
                0x000000006000eee8       0x98 zephyr/kernel/libkernel.a(sched.c.obj)
                0x000000006000eee8                z_unpend_thread
 .text.z_thread_timeout
                0x000000006000ef80       0xb0 zephyr/kernel/libkernel.a(sched.c.obj)
                0x000000006000ef80                z_thread_timeout
 .text.z_unpend1_no_timeout
                0x000000006000f030       0x98 zephyr/kernel/libkernel.a(sched.c.obj)
                0x000000006000f030                z_unpend1_no_timeout
 .text.z_unpend_first_thread
                0x000000006000f0c8       0xa0 zephyr/kernel/libkernel.a(sched.c.obj)
                0x000000006000f0c8                z_unpend_first_thread
 .text.z_sched_init
                0x000000006000f168       0x18 zephyr/kernel/libkernel.a(sched.c.obj)
                0x000000006000f168                z_sched_init
 .text.z_impl_k_yield
                0x000000006000f180      0x130 zephyr/kernel/libkernel.a(sched.c.obj)
                0x000000006000f180                z_impl_k_yield
 .text.z_tick_sleep
                0x000000006000f2b0      0x144 zephyr/kernel/libkernel.a(sched.c.obj)
 .text.z_impl_k_sleep
                0x000000006000f3f4       0x64 zephyr/kernel/libkernel.a(sched.c.obj)
                0x000000006000f3f4                z_impl_k_sleep
 .text.z_impl_z_current_get
                0x000000006000f458        0xc zephyr/kernel/libkernel.a(sched.c.obj)
                0x000000006000f458                z_impl_z_current_get
 .text.z_thread_abort
                0x000000006000f464      0x190 zephyr/kernel/libkernel.a(sched.c.obj)
                0x000000006000f464                z_thread_abort
 .text.z_sched_wake
                0x000000006000f5f4       0xbc zephyr/kernel/libkernel.a(sched.c.obj)
                0x000000006000f5f4                z_sched_wake
 .text.z_sched_wait
                0x000000006000f6b0       0x24 zephyr/kernel/libkernel.a(sched.c.obj)
                0x000000006000f6b0                z_sched_wait
 .text.z_data_copy
                0x000000006000f6d4       0x64 zephyr/kernel/libkernel.a(xip.c.obj)
                0x000000006000f6d4                z_data_copy
 .text.elapsed  0x000000006000f738       0x14 zephyr/kernel/libkernel.a(timeout.c.obj)
 .text.next_timeout
                0x000000006000f74c       0x50 zephyr/kernel/libkernel.a(timeout.c.obj)
 .text.remove_timeout
                0x000000006000f79c       0x38 zephyr/kernel/libkernel.a(timeout.c.obj)
 .text.z_add_timeout
                0x000000006000f7d4      0x18c zephyr/kernel/libkernel.a(timeout.c.obj)
                0x000000006000f7d4                z_add_timeout
 .text.z_abort_timeout
                0x000000006000f960       0x98 zephyr/kernel/libkernel.a(timeout.c.obj)
                0x000000006000f960                z_abort_timeout
 .text.z_set_timeout_expiry
                0x000000006000f9f8       0xa0 zephyr/kernel/libkernel.a(timeout.c.obj)
                0x000000006000f9f8                z_set_timeout_expiry
 .text.sys_clock_announce
                0x000000006000fa98      0x15c zephyr/kernel/libkernel.a(timeout.c.obj)
                0x000000006000fa98                sys_clock_announce
 .text.sys_clock_tick_get
                0x000000006000fbf4       0x9c zephyr/kernel/libkernel.a(timeout.c.obj)
                0x000000006000fbf4                sys_clock_tick_get
 .text.z_impl_k_busy_wait
                0x000000006000fc90       0x30 zephyr/kernel/libkernel.a(timeout.c.obj)
                0x000000006000fc90                z_impl_k_busy_wait
 .text.z_timer_expiration_handler
                0x000000006000fcc0      0x164 zephyr/kernel/libkernel.a(timer.c.obj)
                0x000000006000fcc0                z_timer_expiration_handler
 .text.z_impl_k_timer_start
                0x000000006000fe24       0x98 zephyr/kernel/libkernel.a(timer.c.obj)
                0x000000006000fe24                z_impl_k_timer_start
 .text.z_impl_k_timer_status_sync
                0x000000006000febc       0xf8 zephyr/kernel/libkernel.a(timer.c.obj)
                0x000000006000febc                z_impl_k_timer_status_sync
 .text.k_thread_system_pool_assign
                0x000000006000ffb4        0xc zephyr/kernel/libkernel.a(mempool.c.obj)
                0x000000006000ffb4                k_thread_system_pool_assign
 .text.boot_banner
                0x000000006000ffc0        0xc zephyr/kernel/libkernel.a(banner.c.obj)
                0x000000006000ffc0                boot_banner
 .text.k_sys_work_q_init
                0x000000006000ffcc       0x34 zephyr/kernel/libkernel.a(system_work_q.c.obj)
 .text.__assert_func
                0x0000000060010000       0x40 /Users/michaeljenz/zephyr-sdk-0.16.1/arm-zephyr-eabi/arm-zephyr-eabi/lib/thumb/v7e-m/nofp/libc.a(lib_a-assert.o)
                0x0000000060010000                __assert_func
 .text.fiprintf
                0x0000000060010040       0x28 /Users/michaeljenz/zephyr-sdk-0.16.1/arm-zephyr-eabi/arm-zephyr-eabi/lib/thumb/v7e-m/nofp/libc.a(lib_a-fiprintf.o)
                0x0000000060010040                fiprintf
 .text.malloc   0x0000000060010068       0x10 /Users/michaeljenz/zephyr-sdk-0.16.1/arm-zephyr-eabi/arm-zephyr-eabi/lib/thumb/v7e-m/nofp/libc.a(lib_a-malloc.o)
                0x0000000060010068                malloc
 .text.free     0x0000000060010078       0x10 /Users/michaeljenz/zephyr-sdk-0.16.1/arm-zephyr-eabi/arm-zephyr-eabi/lib/thumb/v7e-m/nofp/libc.a(lib_a-malloc.o)
                0x0000000060010078                free
 .text._malloc_r
                0x0000000060010088      0x578 /Users/michaeljenz/zephyr-sdk-0.16.1/arm-zephyr-eabi/arm-zephyr-eabi/lib/thumb/v7e-m/nofp/libc.a(lib_a-mallocr.o)
                0x0000000060010088                _malloc_r
 .text.memset   0x0000000060010600       0xa4 /Users/michaeljenz/zephyr-sdk-0.16.1/arm-zephyr-eabi/arm-zephyr-eabi/lib/thumb/v7e-m/nofp/libc.a(lib_a-memset.o)
                0x0000000060010600                memset
 .text.__malloc_lock
                0x00000000600106a4        0xc /Users/michaeljenz/zephyr-sdk-0.16.1/arm-zephyr-eabi/arm-zephyr-eabi/lib/thumb/v7e-m/nofp/libc.a(lib_a-mlock.o)
                0x00000000600106a4                __malloc_lock
 .text.__malloc_unlock
                0x00000000600106b0        0xc /Users/michaeljenz/zephyr-sdk-0.16.1/arm-zephyr-eabi/arm-zephyr-eabi/lib/thumb/v7e-m/nofp/libc.a(lib_a-mlock.o)
                0x00000000600106b0                __malloc_unlock
 .text._sbrk_r  0x00000000600106bc       0x24 /Users/michaeljenz/zephyr-sdk-0.16.1/arm-zephyr-eabi/arm-zephyr-eabi/lib/thumb/v7e-m/nofp/libc.a(lib_a-sbrkr.o)
                0x00000000600106bc                _sbrk_r
 .text.strnlen  0x00000000600106e0       0x24 /Users/michaeljenz/zephyr-sdk-0.16.1/arm-zephyr-eabi/arm-zephyr-eabi/lib/thumb/v7e-m/nofp/libc.a(lib_a-strnlen.o)
                0x00000000600106e0                strnlen
 .text._vfiprintf_r
                0x0000000060010704      0xd98 /Users/michaeljenz/zephyr-sdk-0.16.1/arm-zephyr-eabi/arm-zephyr-eabi/lib/thumb/v7e-m/nofp/libc.a(lib_a-vfiprintf.o)
                0x0000000060010704                _vfiprintf_r
 .text.__sbprintf
                0x000000006001149c       0x80 /Users/michaeljenz/zephyr-sdk-0.16.1/arm-zephyr-eabi/arm-zephyr-eabi/lib/thumb/v7e-m/nofp/libc.a(lib_a-vfiprintf.o)
 .text.__swsetup_r
                0x000000006001151c       0xc4 /Users/michaeljenz/zephyr-sdk-0.16.1/arm-zephyr-eabi/arm-zephyr-eabi/lib/thumb/v7e-m/nofp/libc.a(lib_a-wsetup.o)
                0x000000006001151c                __swsetup_r
 .text.abort    0x00000000600115e0       0x10 /Users/michaeljenz/zephyr-sdk-0.16.1/arm-zephyr-eabi/arm-zephyr-eabi/lib/thumb/v7e-m/nofp/libc.a(lib_a-abort.o)
                0x00000000600115e0                abort
 .text.__sflush_r
                0x00000000600115f0      0x110 /Users/michaeljenz/zephyr-sdk-0.16.1/arm-zephyr-eabi/arm-zephyr-eabi/lib/thumb/v7e-m/nofp/libc.a(lib_a-fflush.o)
                0x00000000600115f0                __sflush_r
 .text._fflush_r
                0x0000000060011700       0x5c /Users/michaeljenz/zephyr-sdk-0.16.1/arm-zephyr-eabi/arm-zephyr-eabi/lib/thumb/v7e-m/nofp/libc.a(lib_a-fflush.o)
                0x0000000060011700                _fflush_r
 .text._cleanup_r
                0x000000006001175c        0xc /Users/michaeljenz/zephyr-sdk-0.16.1/arm-zephyr-eabi/arm-zephyr-eabi/lib/thumb/v7e-m/nofp/libc.a(lib_a-findfp.o)
                0x000000006001175c                _cleanup_r
 .text.__sinit  0x0000000060011768      0x10c /Users/michaeljenz/zephyr-sdk-0.16.1/arm-zephyr-eabi/arm-zephyr-eabi/lib/thumb/v7e-m/nofp/libc.a(lib_a-findfp.o)
                0x0000000060011768                __sinit
 .text._malloc_trim_r
                0x0000000060011874       0x9c /Users/michaeljenz/zephyr-sdk-0.16.1/arm-zephyr-eabi/arm-zephyr-eabi/lib/thumb/v7e-m/nofp/libc.a(lib_a-freer.o)
                0x0000000060011874                _malloc_trim_r
 .text._free_r  0x0000000060011910      0x1fc /Users/michaeljenz/zephyr-sdk-0.16.1/arm-zephyr-eabi/arm-zephyr-eabi/lib/thumb/v7e-m/nofp/libc.a(lib_a-freer.o)
                0x0000000060011910                _free_r
 .text.__sfvwrite_r
                0x0000000060011b0c      0x2f8 /Users/michaeljenz/zephyr-sdk-0.16.1/arm-zephyr-eabi/arm-zephyr-eabi/lib/thumb/v7e-m/nofp/libc.a(lib_a-fvwrite.o)
                0x0000000060011b0c                __sfvwrite_r
 .text._fwalk_reent
                0x0000000060011e04       0x48 /Users/michaeljenz/zephyr-sdk-0.16.1/arm-zephyr-eabi/arm-zephyr-eabi/lib/thumb/v7e-m/nofp/libc.a(lib_a-fwalk.o)
                0x0000000060011e04                _fwalk_reent
 .text._localeconv_r
                0x0000000060011e4c        0x8 /Users/michaeljenz/zephyr-sdk-0.16.1/arm-zephyr-eabi/arm-zephyr-eabi/lib/thumb/v7e-m/nofp/libc.a(lib_a-localeconv.o)
                0x0000000060011e4c                _localeconv_r
 .text.__smakebuf_r
                0x0000000060011e54       0xc4 /Users/michaeljenz/zephyr-sdk-0.16.1/arm-zephyr-eabi/arm-zephyr-eabi/lib/thumb/v7e-m/nofp/libc.a(lib_a-makebuf.o)
                0x0000000060011e54                __smakebuf_r
 .text.memmove  0x0000000060011f18      0x100 /Users/michaeljenz/zephyr-sdk-0.16.1/arm-zephyr-eabi/arm-zephyr-eabi/lib/thumb/v7e-m/nofp/libc.a(lib_a-memmove.o)
                0x0000000060011f18                memmove
 .text._realloc_r
                0x0000000060012018      0x344 /Users/michaeljenz/zephyr-sdk-0.16.1/arm-zephyr-eabi/arm-zephyr-eabi/lib/thumb/v7e-m/nofp/libc.a(lib_a-reallocr.o)
                0x0000000060012018                _realloc_r
 .text.raise    0x000000006001235c       0x58 /Users/michaeljenz/zephyr-sdk-0.16.1/arm-zephyr-eabi/arm-zephyr-eabi/lib/thumb/v7e-m/nofp/libc.a(lib_a-signal.o)
                0x000000006001235c                raise
 .text._kill_r  0x00000000600123b4       0x2c /Users/michaeljenz/zephyr-sdk-0.16.1/arm-zephyr-eabi/arm-zephyr-eabi/lib/thumb/v7e-m/nofp/libc.a(lib_a-signalr.o)
                0x00000000600123b4                _kill_r
 .text._getpid_r
                0x00000000600123e0        0x4 /Users/michaeljenz/zephyr-sdk-0.16.1/arm-zephyr-eabi/arm-zephyr-eabi/lib/thumb/v7e-m/nofp/libc.a(lib_a-signalr.o)
                0x00000000600123e0                _getpid_r
 .text.__sread  0x00000000600123e4       0x24 /Users/michaeljenz/zephyr-sdk-0.16.1/arm-zephyr-eabi/arm-zephyr-eabi/lib/thumb/v7e-m/nofp/libc.a(lib_a-stdio.o)
                0x00000000600123e4                __sread
 .text.__swrite
                0x0000000060012408       0x40 /Users/michaeljenz/zephyr-sdk-0.16.1/arm-zephyr-eabi/arm-zephyr-eabi/lib/thumb/v7e-m/nofp/libc.a(lib_a-stdio.o)
                0x0000000060012408                __swrite
 .text.__sseek  0x0000000060012448       0x24 /Users/michaeljenz/zephyr-sdk-0.16.1/arm-zephyr-eabi/arm-zephyr-eabi/lib/thumb/v7e-m/nofp/libc.a(lib_a-stdio.o)
                0x0000000060012448                __sseek
 .text.__sclose
                0x000000006001246c        0x8 /Users/michaeljenz/zephyr-sdk-0.16.1/arm-zephyr-eabi/arm-zephyr-eabi/lib/thumb/v7e-m/nofp/libc.a(lib_a-stdio.o)
                0x000000006001246c                __sclose
 .text.strncpy  0x0000000060012474       0x68 /Users/michaeljenz/zephyr-sdk-0.16.1/arm-zephyr-eabi/arm-zephyr-eabi/lib/thumb/v7e-m/nofp/libc.a(lib_a-strncpy.o)
                0x0000000060012474                strncpy
 .text._write_r
                0x00000000600124dc       0x2c /Users/michaeljenz/zephyr-sdk-0.16.1/arm-zephyr-eabi/arm-zephyr-eabi/lib/thumb/v7e-m/nofp/libc.a(lib_a-writer.o)
                0x00000000600124dc                _write_r
 .text._close_r
                0x0000000060012508       0x24 /Users/michaeljenz/zephyr-sdk-0.16.1/arm-zephyr-eabi/arm-zephyr-eabi/lib/thumb/v7e-m/nofp/libc.a(lib_a-closer.o)
                0x0000000060012508                _close_r
 .text._fstat_r
                0x000000006001252c       0x2c /Users/michaeljenz/zephyr-sdk-0.16.1/arm-zephyr-eabi/arm-zephyr-eabi/lib/thumb/v7e-m/nofp/libc.a(lib_a-fstatr.o)
                0x000000006001252c                _fstat_r
 .text._isatty_r
                0x0000000060012558       0x24 /Users/michaeljenz/zephyr-sdk-0.16.1/arm-zephyr-eabi/arm-zephyr-eabi/lib/thumb/v7e-m/nofp/libc.a(lib_a-isattyr.o)
                0x0000000060012558                _isatty_r
 .text._lseek_r
                0x000000006001257c       0x2c /Users/michaeljenz/zephyr-sdk-0.16.1/arm-zephyr-eabi/arm-zephyr-eabi/lib/thumb/v7e-m/nofp/libc.a(lib_a-lseekr.o)
                0x000000006001257c                _lseek_r
 .text.__ascii_mbtowc
                0x00000000600125a8       0x2c /Users/michaeljenz/zephyr-sdk-0.16.1/arm-zephyr-eabi/arm-zephyr-eabi/lib/thumb/v7e-m/nofp/libc.a(lib_a-mbtowc_r.o)
                0x00000000600125a8                __ascii_mbtowc
 .text._read_r  0x00000000600125d4       0x2c /Users/michaeljenz/zephyr-sdk-0.16.1/arm-zephyr-eabi/arm-zephyr-eabi/lib/thumb/v7e-m/nofp/libc.a(lib_a-readr.o)
                0x00000000600125d4                _read_r
 .text.__ascii_wctomb
                0x0000000060012600       0x1c /Users/michaeljenz/zephyr-sdk-0.16.1/arm-zephyr-eabi/arm-zephyr-eabi/lib/thumb/v7e-m/nofp/libc.a(lib_a-wctomb_r.o)
                0x0000000060012600                __ascii_wctomb
 .text._OffsetAbsSyms
                0x000000006001261c        0x2 zephyr/CMakeFiles/offsets.dir/./arch/arm/core/offsets/offsets.c.obj
                0x000000006001261c                _OffsetAbsSyms
 .text.main     0x000000006001261e        0xc app/libapp.a(main.c.obj)
                0x000000006001261e                main
 .text.cbpprintf_external
                0x000000006001262a       0x62 zephyr/libzephyr.a(cbprintf_packaged.c.obj)
                0x000000006001262a                cbpprintf_external
 .text.is_ptr   0x000000006001268c       0x4a zephyr/libzephyr.a(cbprintf_packaged.c.obj)
                0x000000006001268c                is_ptr
 .text.arch_printk_char_out
                0x00000000600126d6        0x4 zephyr/libzephyr.a(printk.c.obj)
                0x00000000600126d6                arch_printk_char_out
 .text.str_out  0x00000000600126da       0x24 zephyr/libzephyr.a(printk.c.obj)
 .text.vprintk  0x00000000600126fe        0x4 zephyr/libzephyr.a(printk.c.obj)
                0x00000000600126fe                vprintk
 .text.printk   0x0000000060012702       0x1a zephyr/libzephyr.a(printk.c.obj)
                0x0000000060012702                printk
 .text.snprintk
                0x000000006001271c       0x1a zephyr/libzephyr.a(printk.c.obj)
                0x000000006001271c                snprintk
 .text.z_thread_entry
                0x0000000060012736       0x14 zephyr/libzephyr.a(thread_entry.c.obj)
                0x0000000060012736                z_thread_entry
 .text.chunk_field
                0x000000006001274a       0x16 zephyr/libzephyr.a(heap.c.obj)
 .text.chunk_set
                0x0000000060012760       0x16 zephyr/libzephyr.a(heap.c.obj)
 .text.chunk_size
                0x0000000060012776        0xc zephyr/libzephyr.a(heap.c.obj)
 .text.set_chunk_used
                0x0000000060012782       0x30 zephyr/libzephyr.a(heap.c.obj)
 .text.set_chunk_size
                0x00000000600127b2        0x8 zephyr/libzephyr.a(heap.c.obj)
 .text.mem_to_chunkid
                0x00000000600127ba       0x14 zephyr/libzephyr.a(heap.c.obj)
 .text.bytes_to_chunksz.isra.0
                0x00000000600127ce       0x14 zephyr/libzephyr.a(heap.c.obj)
 .text.bucket_idx.isra.0
                0x00000000600127e2       0x18 zephyr/libzephyr.a(heap.c.obj)
 .text.free_list_remove_bidx
                0x00000000600127fa       0x5c zephyr/libzephyr.a(heap.c.obj)
 .text.free_list_remove
                0x0000000060012856       0x2e zephyr/libzephyr.a(heap.c.obj)
 .text.alloc_chunk
                0x0000000060012884       0x74 zephyr/libzephyr.a(heap.c.obj)
 .text.split_chunks
                0x00000000600128f8       0x4e zephyr/libzephyr.a(heap.c.obj)
 .text.merge_chunks
                0x0000000060012946       0x3c zephyr/libzephyr.a(heap.c.obj)
 .text.free_list_add
                0x0000000060012982       0x84 zephyr/libzephyr.a(heap.c.obj)
 .text.free_chunk
                0x0000000060012a06       0x84 zephyr/libzephyr.a(heap.c.obj)
 .text.sys_heap_alloc
                0x0000000060012a8a       0x64 zephyr/libzephyr.a(heap.c.obj)
                0x0000000060012a8a                sys_heap_alloc
 .text._ldiv5   0x0000000060012aee       0x30 zephyr/libzephyr.a(cbprintf_complete.c.obj)
 .text._get_digit
                0x0000000060012b1e       0x2e zephyr/libzephyr.a(cbprintf_complete.c.obj)
 .text.outs     0x0000000060012b4c       0x2e zephyr/libzephyr.a(cbprintf_complete.c.obj)
 .text.ring_buf_put_claim
                0x0000000060012b7a       0x40 zephyr/libzephyr.a(ring_buffer.c.obj)
                0x0000000060012b7a                ring_buf_put_claim
 .text.ring_buf_put_finish
                0x0000000060012bba       0x2a zephyr/libzephyr.a(ring_buffer.c.obj)
                0x0000000060012bba                ring_buf_put_finish
 .text.ring_buf_get_claim
                0x0000000060012be4       0x3e zephyr/libzephyr.a(ring_buffer.c.obj)
                0x0000000060012be4                ring_buf_get_claim
 .text.ring_buf_get_finish
                0x0000000060012c22       0x2a zephyr/libzephyr.a(ring_buffer.c.obj)
                0x0000000060012c22                ring_buf_get_finish
 .text.assert_post_action
                0x0000000060012c4c        0xe zephyr/libzephyr.a(assert.c.obj)
                0x0000000060012c4c                assert_post_action
 .text.assert_print
                0x0000000060012c5a       0x1a zephyr/libzephyr.a(assert.c.obj)
                0x0000000060012c5a                assert_print
 .text.free_space
                0x0000000060012c74       0x26 zephyr/libzephyr.a(mpsc_pbuf.c.obj)
 .text.get_usage
                0x0000000060012c9a       0x22 zephyr/libzephyr.a(mpsc_pbuf.c.obj)
 .text.idx_inc  0x0000000060012cbc       0x1c zephyr/libzephyr.a(mpsc_pbuf.c.obj)
 .text.rd_idx_inc
                0x0000000060012cd8       0x18 zephyr/libzephyr.a(mpsc_pbuf.c.obj)
 .text.add_skip_item
                0x0000000060012cf0       0x3a zephyr/libzephyr.a(mpsc_pbuf.c.obj)
 .text.drop_item_locked
                0x0000000060012d2a       0xee zephyr/libzephyr.a(mpsc_pbuf.c.obj)
 .text.post_drop_action
                0x0000000060012e18       0x36 zephyr/libzephyr.a(mpsc_pbuf.c.obj)
 .text.max_utilization_update
                0x0000000060012e4e       0x1a zephyr/libzephyr.a(mpsc_pbuf.c.obj)
 .text.mpsc_pbuf_is_pending
                0x0000000060012e68       0x1a zephyr/libzephyr.a(mpsc_pbuf.c.obj)
                0x0000000060012e68                mpsc_pbuf_is_pending
 .text._ConfigAbsSyms
                0x0000000060012e82        0x2 zephyr/libzephyr.a(configs.c.obj)
                0x0000000060012e82                _ConfigAbsSyms
 .text.z_arm_platform_init
                0x0000000060012e84        0x4 zephyr/libzephyr.a(soc_rt10xx.c.obj)
                0x0000000060012e84                z_arm_platform_init
 .text.log_msg_generic_get_wlen
                0x0000000060012e88       0x22 zephyr/libzephyr.a(log_core.c.obj)
 .text.dummy_timestamp
                0x0000000060012eaa        0x4 zephyr/libzephyr.a(log_core.c.obj)
 .text.atomic_inc
                0x0000000060012eae       0x1a zephyr/libzephyr.a(log_core.c.obj)
 .text.default_lf_get_timestamp
                0x0000000060012ec8       0x10 zephyr/libzephyr.a(log_core.c.obj)
 .text.z_log_vprintk
                0x0000000060012ed8       0x1c zephyr/libzephyr.a(log_core.c.obj)
                0x0000000060012ed8                z_log_vprintk
 .text.z_log_notify_drop
                0x0000000060012ef4        0x6 zephyr/libzephyr.a(log_core.c.obj)
 .text.z_log_get_tag
                0x0000000060012efa        0x4 zephyr/libzephyr.a(log_core.c.obj)
                0x0000000060012efa                z_log_get_tag
 .text.z_cbprintf_cpy
                0x0000000060012efe       0x2c zephyr/libzephyr.a(log_msg.c.obj)
 .text.z_log_msg_finalize
                0x0000000060012f2a       0x34 zephyr/libzephyr.a(log_msg.c.obj)
                0x0000000060012f2a                z_log_msg_finalize
 .text.buffer_write
                0x0000000060012f5e       0x1a zephyr/libzephyr.a(log_output.c.obj)
 .text.cbvprintf
                0x0000000060012f78        0xe zephyr/libzephyr.a(log_output.c.obj)
 .text.log_output_flush
                0x0000000060012f86       0x1a zephyr/libzephyr.a(log_output.c.obj)
                0x0000000060012f86                log_output_flush
 .text.cr_out_func
                0x0000000060012fa0       0x1c zephyr/libzephyr.a(log_output.c.obj)
 .text.z_log_msg_static_create.constprop.0
                0x0000000060012fbc        0x6 zephyr/libzephyr.a(usb_device.c.obj)
 .text.get_ep_bm_from_addr
                0x0000000060012fc2       0x1e zephyr/libzephyr.a(usb_device.c.obj)
 .text.usb_get_dev_data_by_cfg
                0x0000000060012fe0       0x16 zephyr/libzephyr.a(usb_descriptor.c.obj)
                0x0000000060012fe0                usb_get_dev_data_by_cfg
 .text.usb_get_dev_data_by_iface
                0x0000000060012ff6       0x1a zephyr/libzephyr.a(usb_descriptor.c.obj)
                0x0000000060012ff6                usb_get_dev_data_by_iface
 .text.usb_get_dev_data_by_ep
                0x0000000060013010       0x2c zephyr/libzephyr.a(usb_descriptor.c.obj)
                0x0000000060013010                usb_get_dev_data_by_ep
 .text.usb_transfer_is_busy
                0x000000006001303c       0x16 zephyr/libzephyr.a(usb_transfer.c.obj)
                0x000000006001303c                usb_transfer_is_busy
 .text.cdc_interface_config
                0x0000000060013052       0x14 zephyr/libzephyr.a(cdc_acm.c.obj)
 .text.cdc_acm_irq_callback_work_handler
                0x0000000060013066        0xa zephyr/libzephyr.a(cdc_acm.c.obj)
 .text.cdc_acm_irq_tx_disable
                0x0000000060013070        0xa zephyr/libzephyr.a(cdc_acm.c.obj)
 .text.cdc_acm_irq_tx_ready
                0x000000006001307a        0xe zephyr/libzephyr.a(cdc_acm.c.obj)
 .text.cdc_acm_irq_rx_disable
                0x0000000060013088        0xa zephyr/libzephyr.a(cdc_acm.c.obj)
 .text.cdc_acm_irq_rx_ready
                0x0000000060013092        0x8 zephyr/libzephyr.a(cdc_acm.c.obj)
 .text.cdc_acm_irq_is_pending
                0x000000006001309a       0x1e zephyr/libzephyr.a(cdc_acm.c.obj)
 .text.cdc_acm_irq_update
                0x00000000600130b8        0x4 zephyr/libzephyr.a(cdc_acm.c.obj)
 .text.cdc_acm_irq_callback_set
                0x00000000600130bc        0x8 zephyr/libzephyr.a(cdc_acm.c.obj)
 .text.cdc_acm_configure
                0x00000000600130c4        0x4 zephyr/libzephyr.a(cdc_acm.c.obj)
 .text.cdc_acm_config_get
                0x00000000600130c8       0x58 zephyr/libzephyr.a(cdc_acm.c.obj)
 .text.cdc_acm_fifo_read
                0x0000000060013120       0x56 zephyr/libzephyr.a(cdc_acm.c.obj)
 .text.cdc_acm_poll_in
                0x0000000060013176       0x12 zephyr/libzephyr.a(cdc_acm.c.obj)
 .text.z_do_kernel_oops
                0x0000000060013188        0x8 zephyr/arch/arch/arm/core/aarch32/libarch__arm__core__aarch32.a(fatal.c.obj)
                0x0000000060013188                z_do_kernel_oops
 .text.z_irq_spurious
                0x0000000060013190        0x8 zephyr/arch/arch/arm/core/aarch32/libarch__arm__core__aarch32.a(irq_manage.c.obj)
                0x0000000060013190                z_irq_spurious
 .text.z_arm_nmi
                0x0000000060013198        0xe zephyr/arch/arch/arm/core/aarch32/libarch__arm__core__aarch32.a(nmi.c.obj)
                0x0000000060013198                z_arm_nmi
 .text.z_log_msg_static_create.constprop.0
                0x00000000600131a6        0x6 zephyr/arch/arch/arm/core/aarch32/cortex_m/libarch__arm__core__aarch32__cortex_m.a(fault.c.obj)
 .text._stdout_hook_default
                0x00000000600131ac        0x6 zephyr/lib/libc/newlib/liblib__libc__newlib.a(libc-hooks.c.obj)
 .text._stdin_hook_default
                0x00000000600131b2        0x4 zephyr/lib/libc/newlib/liblib__libc__newlib.a(libc-hooks.c.obj)
 .text._read    0x00000000600131b6        0x8 zephyr/lib/libc/newlib/liblib__libc__newlib.a(libc-hooks.c.obj)
                0x00000000600131b6                read
                0x00000000600131b6                _read
 .text._write   0x00000000600131be        0x8 zephyr/lib/libc/newlib/liblib__libc__newlib.a(libc-hooks.c.obj)
                0x00000000600131be                write
                0x00000000600131be                _write
 .text._close   0x00000000600131c6        0x6 zephyr/lib/libc/newlib/liblib__libc__newlib.a(libc-hooks.c.obj)
                0x00000000600131c6                close
                0x00000000600131c6                _close
 .text._lseek   0x00000000600131cc        0x4 zephyr/lib/libc/newlib/liblib__libc__newlib.a(libc-hooks.c.obj)
                0x00000000600131cc                lseek
                0x00000000600131cc                _lseek
 .text._isatty  0x00000000600131d0        0xa zephyr/lib/libc/newlib/liblib__libc__newlib.a(libc-hooks.c.obj)
                0x00000000600131d0                isatty
                0x00000000600131d0                _isatty
 .text._kill    0x00000000600131da        0x4 zephyr/lib/libc/newlib/liblib__libc__newlib.a(libc-hooks.c.obj)
                0x00000000600131da                kill
                0x00000000600131da                _kill
 .text._getpid  0x00000000600131de        0x4 zephyr/lib/libc/newlib/liblib__libc__newlib.a(libc-hooks.c.obj)
                0x00000000600131de                _getpid
                0x00000000600131de                getpid
 .text._fstat   0x00000000600131e2        0xa zephyr/lib/libc/newlib/liblib__libc__newlib.a(libc-hooks.c.obj)
                0x00000000600131e2                _fstat
                0x00000000600131e2                fstat
 .text.z_log_msg_static_create.constprop.0
                0x00000000600131ec        0x6 zephyr/drivers/usb/device/libdrivers__usb__device.a(usb_dc_mcux.c.obj)
 .text.usb_dc_ep_read
                0x00000000600131f2       0x1e zephyr/drivers/usb/device/libdrivers__usb__device.a(usb_dc_mcux.c.obj)
                0x00000000600131f2                usb_dc_ep_read
 .text.mcux_12b1msps_sar_adc_start_channel
                0x0000000060013210       0x32 zephyr/drivers/adc/libdrivers__adc.a(adc_mcux_12b1msps_sar.c.obj)
 .text.adc_context_start_sampling
                0x0000000060013242       0x16 zephyr/drivers/adc/libdrivers__adc.a(adc_mcux_12b1msps_sar.c.obj)
 .text.mcux_12b1msps_sar_adc_config_func_0
                0x0000000060013258       0x16 zephyr/drivers/adc/libdrivers__adc.a(adc_mcux_12b1msps_sar.c.obj)
 .text.adc_context_on_timer_expired
                0x000000006001326e       0x2e zephyr/drivers/adc/libdrivers__adc.a(adc_mcux_12b1msps_sar.c.obj)
 .text.mcux_12b1msps_sar_adc_isr
                0x000000006001329c       0xb4 zephyr/drivers/adc/libdrivers__adc.a(adc_mcux_12b1msps_sar.c.obj)
 .text.mcux_ccm_on
                0x0000000060013350        0x4 zephyr/drivers/clock_control/libdrivers__clock_control.a(clock_control_mcux_ccm.c.obj)
 .text.mcux_ccm_init
                0x0000000060013354        0x4 zephyr/drivers/clock_control/libdrivers__clock_control.a(clock_control_mcux_ccm.c.obj)
 .text.mcux_ccm_off
                0x0000000060013358        0x4 zephyr/drivers/clock_control/libdrivers__clock_control.a(clock_control_mcux_ccm.c.obj)
 .text.mcux_igpio_port_get_raw
                0x000000006001335c        0xc zephyr/drivers/gpio/libdrivers__gpio.a(gpio_mcux_igpio.c.obj)
 .text.mcux_igpio_port_set_masked_raw
                0x0000000060013368       0x12 zephyr/drivers/gpio/libdrivers__gpio.a(gpio_mcux_igpio.c.obj)
 .text.mcux_igpio_port_set_bits_raw
                0x000000006001337a        0xc zephyr/drivers/gpio/libdrivers__gpio.a(gpio_mcux_igpio.c.obj)
 .text.mcux_igpio_port_clear_bits_raw
                0x0000000060013386        0xc zephyr/drivers/gpio/libdrivers__gpio.a(gpio_mcux_igpio.c.obj)
 .text.mcux_igpio_port_toggle_bits
                0x0000000060013392        0xc zephyr/drivers/gpio/libdrivers__gpio.a(gpio_mcux_igpio.c.obj)
 .text.mcux_igpio_pin_interrupt_configure
                0x000000006001339e       0xcc zephyr/drivers/gpio/libdrivers__gpio.a(gpio_mcux_igpio.c.obj)
 .text.mcux_igpio_5_init
                0x000000006001346a        0x4 zephyr/drivers/gpio/libdrivers__gpio.a(gpio_mcux_igpio.c.obj)
 .text.mcux_igpio_configure
                0x000000006001346e       0xe0 zephyr/drivers/gpio/libdrivers__gpio.a(gpio_mcux_igpio.c.obj)
 .text.mcux_igpio_0_init
                0x000000006001354e       0x26 zephyr/drivers/gpio/libdrivers__gpio.a(gpio_mcux_igpio.c.obj)
 .text.mcux_igpio_1_init
                0x0000000060013574       0x26 zephyr/drivers/gpio/libdrivers__gpio.a(gpio_mcux_igpio.c.obj)
 .text.mcux_igpio_2_init
                0x000000006001359a       0x26 zephyr/drivers/gpio/libdrivers__gpio.a(gpio_mcux_igpio.c.obj)
 .text.mcux_igpio_3_init
                0x00000000600135c0       0x26 zephyr/drivers/gpio/libdrivers__gpio.a(gpio_mcux_igpio.c.obj)
 .text.mcux_igpio_4_init
                0x00000000600135e6       0x26 zephyr/drivers/gpio/libdrivers__gpio.a(gpio_mcux_igpio.c.obj)
 .text.mcux_igpio_7_init
                0x000000006001360c        0x4 zephyr/drivers/gpio/libdrivers__gpio.a(gpio_mcux_igpio.c.obj)
 .text.mcux_igpio_8_init
                0x0000000060013610        0x4 zephyr/drivers/gpio/libdrivers__gpio.a(gpio_mcux_igpio.c.obj)
 .text.mcux_igpio_6_init
                0x0000000060013614        0x4 zephyr/drivers/gpio/libdrivers__gpio.a(gpio_mcux_igpio.c.obj)
 .text.mcux_lpi2c_config_func_0
                0x0000000060013618       0x16 zephyr/drivers/i2c/libdrivers__i2c.a(i2c_mcux_lpi2c.c.obj)
 .text.mcux_lpi2c_isr
                0x000000006001362e        0xa zephyr/drivers/i2c/libdrivers__i2c.a(i2c_mcux_lpi2c.c.obj)
 .text.mcux_lpi2c_master_transfer_callback
                0x0000000060013638        0xa zephyr/drivers/i2c/libdrivers__i2c.a(i2c_mcux_lpi2c.c.obj)
 .text.mcux_pwm_get_cycles_per_sec
                0x0000000060013642       0x2c zephyr/drivers/pwm/libdrivers__pwm.a(pwm_mcux.c.obj)
 .text.z_log_msg_static_create.constprop.0
                0x000000006001366e        0x6 zephyr/drivers/sensor/ina219/libdrivers__sensor__ina219.a(ina219.c.obj)
 .text.ina219_reg_read.isra.0
                0x0000000060013674       0x42 zephyr/drivers/sensor/ina219/libdrivers__sensor__ina219.a(ina219.c.obj)
 .text.ina219_reg_write.isra.0
                0x00000000600136b6       0x32 zephyr/drivers/sensor/ina219/libdrivers__sensor__ina219.a(ina219.c.obj)
 .text.z_impl_i2c_transfer
                0x00000000600136e8        0xc zephyr/drivers/sensor/mpu6050/libdrivers__sensor__mpu6050.a(mpu6050.c.obj)
 .text.mcux_lpuart_irq_update
                0x00000000600136f4        0x4 zephyr/drivers/serial/libdrivers__serial.a(uart_mcux_lpuart.c.obj)
 .text.mcux_lpuart_irq_callback_set
                0x00000000600136f8        0x8 zephyr/drivers/serial/libdrivers__serial.a(uart_mcux_lpuart.c.obj)
 .text.mcux_lpuart_config_get
                0x0000000060013700       0x10 zephyr/drivers/serial/libdrivers__serial.a(uart_mcux_lpuart.c.obj)
 .text.mcux_lpuart_irq_err_disable
                0x0000000060013710        0xc zephyr/drivers/serial/libdrivers__serial.a(uart_mcux_lpuart.c.obj)
 .text.mcux_lpuart_irq_rx_disable
                0x000000006001371c       0x16 zephyr/drivers/serial/libdrivers__serial.a(uart_mcux_lpuart.c.obj)
 .text.mcux_lpuart_irq_tx_disable
                0x0000000060013732        0xc zephyr/drivers/serial/libdrivers__serial.a(uart_mcux_lpuart.c.obj)
 .text.mcux_lpuart_irq_err_enable
                0x000000006001373e        0xc zephyr/drivers/serial/libdrivers__serial.a(uart_mcux_lpuart.c.obj)
 .text.mcux_lpuart_irq_tx_enable
                0x000000006001374a        0xc zephyr/drivers/serial/libdrivers__serial.a(uart_mcux_lpuart.c.obj)
 .text.mcux_lpuart_irq_rx_full
                0x0000000060013756       0x10 zephyr/drivers/serial/libdrivers__serial.a(uart_mcux_lpuart.c.obj)
 .text.mcux_lpuart_irq_tx_complete
                0x0000000060013766       0x10 zephyr/drivers/serial/libdrivers__serial.a(uart_mcux_lpuart.c.obj)
 .text.mcux_lpuart_irq_tx_ready
                0x0000000060013776       0x1e zephyr/drivers/serial/libdrivers__serial.a(uart_mcux_lpuart.c.obj)
 .text.mcux_lpuart_irq_is_pending
                0x0000000060013794       0x2c zephyr/drivers/serial/libdrivers__serial.a(uart_mcux_lpuart.c.obj)
 .text.mcux_lpuart_fifo_read
                0x00000000600137c0       0x4e zephyr/drivers/serial/libdrivers__serial.a(uart_mcux_lpuart.c.obj)
 .text.mcux_lpuart_fifo_fill
                0x000000006001380e       0x32 zephyr/drivers/serial/libdrivers__serial.a(uart_mcux_lpuart.c.obj)
 .text.mcux_lpuart_poll_out
                0x0000000060013840       0x2e zephyr/drivers/serial/libdrivers__serial.a(uart_mcux_lpuart.c.obj)
 .text.mcux_lpuart_configure_init
                0x000000006001386e      0x102 zephyr/drivers/serial/libdrivers__serial.a(uart_mcux_lpuart.c.obj)